###############################################################################
#
# IAR ELF Linker V9.40.1.364/W64 for ARM                  18/May/2026  21:36:33
# Copyright 2007-2023 IAR Systems AB.
#
#    Output file  =
#        E:\SmartCar\ZhuFei\Seekfree_CYT4BB_Opensource_Library\project\iar\project_config\Debug_m7_0\Exe\cyt4bb7_cm_7_0.out
#    Map file     =
#        E:\SmartCar\ZhuFei\Seekfree_CYT4BB_Opensource_Library\project\iar\Debug_m7_0\List\cyt4bb7_cm_7_0.map
#    Command line =
#        -f
#        E:\SmartCar\ZhuFei\Seekfree_CYT4BB_Opensource_Library\project\iar\project_config\Debug_m7_0\Exe\cyt4bb7_cm_7_0.out.rsp
#        (E:\SmartCar\ZhuFei\Seekfree_CYT4BB_Opensource_Library\project\iar\Debug_m7_0\Obj\user_8514941877209965082.dir\cm7_0_isr.o
#        E:\SmartCar\ZhuFei\Seekfree_CYT4BB_Opensource_Library\project\iar\Debug_m7_0\Obj\adc_11722776235721520015.dir\cy_adc.o
#        E:\SmartCar\ZhuFei\Seekfree_CYT4BB_Opensource_Library\project\iar\Debug_m7_0\Obj\button_4990804375159372270.dir\cy_button.o
#        E:\SmartCar\ZhuFei\Seekfree_CYT4BB_Opensource_Library\project\iar\Debug_m7_0\Obj\canfd_1800690984773873875.dir\cy_canfd.o
#        E:\SmartCar\ZhuFei\Seekfree_CYT4BB_Opensource_Library\project\iar\Debug_m7_0\Obj\cpu_15938736945165268644.dir\cy_cpu.o
#        E:\SmartCar\ZhuFei\Seekfree_CYT4BB_Opensource_Library\project\iar\Debug_m7_0\Obj\crypto_1190170608956581615.dir\cy_crypto_config.o
#        E:\SmartCar\ZhuFei\Seekfree_CYT4BB_Opensource_Library\project\iar\Debug_m7_0\Obj\eth_phy_18133017486186456677.dir\cy_dp83867.o
#        E:\SmartCar\ZhuFei\Seekfree_CYT4BB_Opensource_Library\project\iar\Debug_m7_0\Obj\ethernet_6029839089178797009.dir\cy_ethif.o
#        E:\SmartCar\ZhuFei\Seekfree_CYT4BB_Opensource_Library\project\iar\Debug_m7_0\Obj\evtgen_3404189088603873129.dir\cy_evtgen.o
#        E:\SmartCar\ZhuFei\Seekfree_CYT4BB_Opensource_Library\project\iar\Debug_m7_0\Obj\flash_8529866181315662935.dir\cy_flash.o
#        E:\SmartCar\ZhuFei\Seekfree_CYT4BB_Opensource_Library\project\iar\Debug_m7_0\Obj\gpio_3999404635324069351.dir\cy_gpio.o
#        E:\SmartCar\ZhuFei\Seekfree_CYT4BB_Opensource_Library\project\iar\Debug_m7_0\Obj\audioss_1346650047966882938.dir\cy_i2s.o
#        E:\SmartCar\ZhuFei\Seekfree_CYT4BB_Opensource_Library\project\iar\Debug_m7_0\Obj\rev_b_6162237342861132223.dir\cy_interrupt_map.o
#        E:\SmartCar\ZhuFei\Seekfree_CYT4BB_Opensource_Library\project\iar\Debug_m7_0\Obj\ipc_10145506163450686023.dir\cy_ipc_drv.o
#        E:\SmartCar\ZhuFei\Seekfree_CYT4BB_Opensource_Library\project\iar\Debug_m7_0\Obj\ipc_10145506163450686023.dir\cy_ipc_pipe.o
#        E:\SmartCar\ZhuFei\Seekfree_CYT4BB_Opensource_Library\project\iar\Debug_m7_0\Obj\ipc_10145506163450686023.dir\cy_ipc_sema.o
#        E:\SmartCar\ZhuFei\Seekfree_CYT4BB_Opensource_Library\project\iar\Debug_m7_0\Obj\lin_18429031207028094880.dir\cy_lin.o
#        E:\SmartCar\ZhuFei\Seekfree_CYT4BB_Opensource_Library\project\iar\Debug_m7_0\Obj\lvd_6353935867039560245.dir\cy_lvd.o
#        E:\SmartCar\ZhuFei\Seekfree_CYT4BB_Opensource_Library\project\iar\Debug_m7_0\Obj\mcwdt_4052485907822033969.dir\cy_mcwdt.o
#        E:\SmartCar\ZhuFei\Seekfree_CYT4BB_Opensource_Library\project\iar\Debug_m7_0\Obj\dma_12106025507578611576.dir\cy_mdma.o
#        E:\SmartCar\ZhuFei\Seekfree_CYT4BB_Opensource_Library\project\iar\Debug_m7_0\Obj\mpu_5663187252346826382.dir\cy_mpu.o
#        E:\SmartCar\ZhuFei\Seekfree_CYT4BB_Opensource_Library\project\iar\Debug_m7_0\Obj\flash_864493325053435817.dir\cy_mw_flash.o
#        E:\SmartCar\ZhuFei\Seekfree_CYT4BB_Opensource_Library\project\iar\Debug_m7_0\Obj\dma_12106025507578611576.dir\cy_pdma.o
#        E:\SmartCar\ZhuFei\Seekfree_CYT4BB_Opensource_Library\project\iar\Debug_m7_0\Obj\power_14453085144426420577.dir\cy_power.o
#        E:\SmartCar\ZhuFei\Seekfree_CYT4BB_Opensource_Library\project\iar\Debug_m7_0\Obj\prot_10722960861768657883.dir\cy_prot.o
#        E:\SmartCar\ZhuFei\Seekfree_CYT4BB_Opensource_Library\project\iar\Debug_m7_0\Obj\scb_15490842639181808494.dir\cy_scb_common.o
#        E:\SmartCar\ZhuFei\Seekfree_CYT4BB_Opensource_Library\project\iar\Debug_m7_0\Obj\scb_15490842639181808494.dir\cy_scb_ezi2c.o
#        E:\SmartCar\ZhuFei\Seekfree_CYT4BB_Opensource_Library\project\iar\Debug_m7_0\Obj\scb_15490842639181808494.dir\cy_scb_i2c.o
#        E:\SmartCar\ZhuFei\Seekfree_CYT4BB_Opensource_Library\project\iar\Debug_m7_0\Obj\scb_15490842639181808494.dir\cy_scb_spi.o
#        E:\SmartCar\ZhuFei\Seekfree_CYT4BB_Opensource_Library\project\iar\Debug_m7_0\Obj\scb_15490842639181808494.dir\cy_scb_uart.o
#        E:\SmartCar\ZhuFei\Seekfree_CYT4BB_Opensource_Library\project\iar\Debug_m7_0\Obj\sd_host_2982766354293506895.dir\cy_sd_host.o
#        E:\SmartCar\ZhuFei\Seekfree_CYT4BB_Opensource_Library\project\iar\Debug_m7_0\Obj\semihosting_143864889731838620.dir\cy_semihosting.o
#        E:\SmartCar\ZhuFei\Seekfree_CYT4BB_Opensource_Library\project\iar\Debug_m7_0\Obj\smartio_5451710003740070188.dir\cy_smartio.o
#        E:\SmartCar\ZhuFei\Seekfree_CYT4BB_Opensource_Library\project\iar\Debug_m7_0\Obj\smif_427648126384146252.dir\cy_smif.o
#        E:\SmartCar\ZhuFei\Seekfree_CYT4BB_Opensource_Library\project\iar\Debug_m7_0\Obj\smif_mem_6470536964353725183.dir\cy_smif_device_common.o
#        E:\SmartCar\ZhuFei\Seekfree_CYT4BB_Opensource_Library\project\iar\Debug_m7_0\Obj\smif_mem_6470536964353725183.dir\cy_smif_hb_flash.o
#        E:\SmartCar\ZhuFei\Seekfree_CYT4BB_Opensource_Library\project\iar\Debug_m7_0\Obj\smif_427648126384146252.dir\cy_smif_memslot.o
#        E:\SmartCar\ZhuFei\Seekfree_CYT4BB_Opensource_Library\project\iar\Debug_m7_0\Obj\smif_mem_6470536964353725183.dir\cy_smif_s25fl.o
#        E:\SmartCar\ZhuFei\Seekfree_CYT4BB_Opensource_Library\project\iar\Debug_m7_0\Obj\smif_mem_6470536964353725183.dir\cy_smif_s25fs.o
#        E:\SmartCar\ZhuFei\Seekfree_CYT4BB_Opensource_Library\project\iar\Debug_m7_0\Obj\smif_mem_6470536964353725183.dir\cy_smif_semp.o
#        E:\SmartCar\ZhuFei\Seekfree_CYT4BB_Opensource_Library\project\iar\Debug_m7_0\Obj\smif_427648126384146252.dir\cy_smif_ver_specific.o
#        E:\SmartCar\ZhuFei\Seekfree_CYT4BB_Opensource_Library\project\iar\Debug_m7_0\Obj\srom_13018798572330080582.dir\cy_srom.o
#        E:\SmartCar\ZhuFei\Seekfree_CYT4BB_Opensource_Library\project\iar\Debug_m7_0\Obj\sw_timer_4215635015939382130.dir\cy_sw_tmr.o
#        E:\SmartCar\ZhuFei\Seekfree_CYT4BB_Opensource_Library\project\iar\Debug_m7_0\Obj\sysclk_16149231235676103872.dir\cy_sysclk.o
#        E:\SmartCar\ZhuFei\Seekfree_CYT4BB_Opensource_Library\project\iar\Debug_m7_0\Obj\sysflt_12293435975120599261.dir\cy_sysflt.o
#        E:\SmartCar\ZhuFei\Seekfree_CYT4BB_Opensource_Library\project\iar\Debug_m7_0\Obj\sysint_7435970359207984181.dir\cy_sysint.o
#        E:\SmartCar\ZhuFei\Seekfree_CYT4BB_Opensource_Library\project\iar\Debug_m7_0\Obj\syslib_16330585751512546975.dir\cy_syslib.o
#        E:\SmartCar\ZhuFei\Seekfree_CYT4BB_Opensource_Library\project\iar\Debug_m7_0\Obj\syslib_16330585751512546975.dir\cy_syslib_iar.o
#        E:\SmartCar\ZhuFei\Seekfree_CYT4BB_Opensource_Library\project\iar\Debug_m7_0\Obj\syspm_10887939769544754770.dir\cy_syspm.o
#        E:\SmartCar\ZhuFei\Seekfree_CYT4BB_Opensource_Library\project\iar\Debug_m7_0\Obj\sysreghc_17676636058511625587.dir\cy_sysreghc.o
#        E:\SmartCar\ZhuFei\Seekfree_CYT4BB_Opensource_Library\project\iar\Debug_m7_0\Obj\sysreset_14586141425677365288.dir\cy_sysreset.o
#        E:\SmartCar\ZhuFei\Seekfree_CYT4BB_Opensource_Library\project\iar\Debug_m7_0\Obj\sysrtc_10747768817563771611.dir\cy_sysrtc.o
#        E:\SmartCar\ZhuFei\Seekfree_CYT4BB_Opensource_Library\project\iar\Debug_m7_0\Obj\systick_16016591671695740695.dir\cy_systick.o
#        E:\SmartCar\ZhuFei\Seekfree_CYT4BB_Opensource_Library\project\iar\Debug_m7_0\Obj\syswdt_9118657615806274156.dir\cy_syswdt.o
#        E:\SmartCar\ZhuFei\Seekfree_CYT4BB_Opensource_Library\project\iar\Debug_m7_0\Obj\tcpwm_422923530147891246.dir\cy_tcpwm.o
#        E:\SmartCar\ZhuFei\Seekfree_CYT4BB_Opensource_Library\project\iar\Debug_m7_0\Obj\tcpwm_422923530147891246.dir\cy_tcpwm_counter.o
#        E:\SmartCar\ZhuFei\Seekfree_CYT4BB_Opensource_Library\project\iar\Debug_m7_0\Obj\tcpwm_422923530147891246.dir\cy_tcpwm_pwm.o
#        E:\SmartCar\ZhuFei\Seekfree_CYT4BB_Opensource_Library\project\iar\Debug_m7_0\Obj\tcpwm_422923530147891246.dir\cy_tcpwm_quaddec.o
#        E:\SmartCar\ZhuFei\Seekfree_CYT4BB_Opensource_Library\project\iar\Debug_m7_0\Obj\tcpwm_422923530147891246.dir\cy_tcpwm_sr.o
#        E:\SmartCar\ZhuFei\Seekfree_CYT4BB_Opensource_Library\project\iar\Debug_m7_0\Obj\trigmux_9729677290734583340.dir\cy_trigmux.o
#        E:\SmartCar\ZhuFei\Seekfree_CYT4BB_Opensource_Library\project\iar\Debug_m7_0\Obj\ethernet_6029839089178797009.dir\edd.o
#        E:\SmartCar\ZhuFei\Seekfree_CYT4BB_Opensource_Library\project\iar\Debug_m7_0\Obj\ethernet_6029839089178797009.dir\edd_rx.o
#        E:\SmartCar\ZhuFei\Seekfree_CYT4BB_Opensource_Library\project\iar\Debug_m7_0\Obj\ethernet_6029839089178797009.dir\edd_tx.o
#        E:\SmartCar\ZhuFei\Seekfree_CYT4BB_Opensource_Library\project\iar\Debug_m7_0\Obj\code_17896468042025673432.dir\ekf.o
#        E:\SmartCar\ZhuFei\Seekfree_CYT4BB_Opensource_Library\project\iar\Debug_m7_0\Obj\user_8514941877209965082.dir\main_cm7_0.o
#        E:\SmartCar\ZhuFei\Seekfree_CYT4BB_Opensource_Library\project\iar\Debug_m7_0\Obj\code_17896468042025673432.dir\matrix.o
#        E:\SmartCar\ZhuFei\Seekfree_CYT4BB_Opensource_Library\project\iar\Debug_m7_0\Obj\code_17896468042025673432.dir\pid.o
#        E:\SmartCar\ZhuFei\Seekfree_CYT4BB_Opensource_Library\project\iar\Debug_m7_0\Obj\zf_components_14936052685886095442.dir\seekfree_assistant.o
#        E:\SmartCar\ZhuFei\Seekfree_CYT4BB_Opensource_Library\project\iar\Debug_m7_0\Obj\zf_components_14936052685886095442.dir\seekfree_assistant_interface.o
#        E:\SmartCar\ZhuFei\Seekfree_CYT4BB_Opensource_Library\project\iar\Debug_m7_0\Obj\code_17896468042025673432.dir\small_driver_uart_control.o
#        E:\SmartCar\ZhuFei\Seekfree_CYT4BB_Opensource_Library\project\iar\Debug_m7_0\Obj\startup_479057977785470282.dir\startup.o
#        E:\SmartCar\ZhuFei\Seekfree_CYT4BB_Opensource_Library\project\iar\Debug_m7_0\Obj\startup_479057977785470282.dir\startup_cm7.o
#        E:\SmartCar\ZhuFei\Seekfree_CYT4BB_Opensource_Library\project\iar\Debug_m7_0\Obj\code_17896468042025673432.dir\stree_comtrol.o
#        E:\SmartCar\ZhuFei\Seekfree_CYT4BB_Opensource_Library\project\iar\Debug_m7_0\Obj\rev_b_4986922561640112550.dir\system_tviibh4m_cm7.o
#        E:\SmartCar\ZhuFei\Seekfree_CYT4BB_Opensource_Library\project\iar\Debug_m7_0\Obj\code_17896468042025673432.dir\vmc.o
#        E:\SmartCar\ZhuFei\Seekfree_CYT4BB_Opensource_Library\project\iar\Debug_m7_0\Obj\zf_common_1201165462030747823.dir\zf_common_clock.o
#        E:\SmartCar\ZhuFei\Seekfree_CYT4BB_Opensource_Library\project\iar\Debug_m7_0\Obj\zf_common_1201165462030747823.dir\zf_common_debug.o
#        E:\SmartCar\ZhuFei\Seekfree_CYT4BB_Opensource_Library\project\iar\Debug_m7_0\Obj\zf_common_1201165462030747823.dir\zf_common_fifo.o
#        E:\SmartCar\ZhuFei\Seekfree_CYT4BB_Opensource_Library\project\iar\Debug_m7_0\Obj\zf_common_1201165462030747823.dir\zf_common_font.o
#        E:\SmartCar\ZhuFei\Seekfree_CYT4BB_Opensource_Library\project\iar\Debug_m7_0\Obj\zf_common_1201165462030747823.dir\zf_common_function.o
#        E:\SmartCar\ZhuFei\Seekfree_CYT4BB_Opensource_Library\project\iar\Debug_m7_0\Obj\zf_common_1201165462030747823.dir\zf_common_interrupt.o
#        E:\SmartCar\ZhuFei\Seekfree_CYT4BB_Opensource_Library\project\iar\Debug_m7_0\Obj\zf_device_6570275422786408770.dir\zf_device_ble6a20.o
#        E:\SmartCar\ZhuFei\Seekfree_CYT4BB_Opensource_Library\project\iar\Debug_m7_0\Obj\zf_device_6570275422786408770.dir\zf_device_dl1a.o
#        E:\SmartCar\ZhuFei\Seekfree_CYT4BB_Opensource_Library\project\iar\Debug_m7_0\Obj\zf_device_6570275422786408770.dir\zf_device_dl1b.o
#        E:\SmartCar\ZhuFei\Seekfree_CYT4BB_Opensource_Library\project\iar\Debug_m7_0\Obj\zf_device_6570275422786408770.dir\zf_device_gnss.o
#        E:\SmartCar\ZhuFei\Seekfree_CYT4BB_Opensource_Library\project\iar\Debug_m7_0\Obj\zf_device_6570275422786408770.dir\zf_device_icm20602.o
#        E:\SmartCar\ZhuFei\Seekfree_CYT4BB_Opensource_Library\project\iar\Debug_m7_0\Obj\zf_device_6570275422786408770.dir\zf_device_imu660ra.o
#        E:\SmartCar\ZhuFei\Seekfree_CYT4BB_Opensource_Library\project\iar\Debug_m7_0\Obj\zf_device_6570275422786408770.dir\zf_device_imu660rb.o
#        E:\SmartCar\ZhuFei\Seekfree_CYT4BB_Opensource_Library\project\iar\Debug_m7_0\Obj\zf_device_6570275422786408770.dir\zf_device_imu660rc.o
#        E:\SmartCar\ZhuFei\Seekfree_CYT4BB_Opensource_Library\project\iar\Debug_m7_0\Obj\zf_device_6570275422786408770.dir\zf_device_imu963ra.o
#        E:\SmartCar\ZhuFei\Seekfree_CYT4BB_Opensource_Library\project\iar\Debug_m7_0\Obj\zf_device_6570275422786408770.dir\zf_device_ips114.o
#        E:\SmartCar\ZhuFei\Seekfree_CYT4BB_Opensource_Library\project\iar\Debug_m7_0\Obj\zf_device_6570275422786408770.dir\zf_device_ips200.o
#        E:\SmartCar\ZhuFei\Seekfree_CYT4BB_Opensource_Library\project\iar\Debug_m7_0\Obj\zf_device_6570275422786408770.dir\zf_device_ips200pro.o
#        E:\SmartCar\ZhuFei\Seekfree_CYT4BB_Opensource_Library\project\iar\Debug_m7_0\Obj\zf_device_6570275422786408770.dir\zf_device_key.o
#        E:\SmartCar\ZhuFei\Seekfree_CYT4BB_Opensource_Library\project\iar\Debug_m7_0\Obj\zf_device_6570275422786408770.dir\zf_device_lora3a22.o
#        E:\SmartCar\ZhuFei\Seekfree_CYT4BB_Opensource_Library\project\iar\Debug_m7_0\Obj\zf_device_6570275422786408770.dir\zf_device_menc15a.o
#        E:\SmartCar\ZhuFei\Seekfree_CYT4BB_Opensource_Library\project\iar\Debug_m7_0\Obj\zf_device_6570275422786408770.dir\zf_device_mt9v03x.o
#        E:\SmartCar\ZhuFei\Seekfree_CYT4BB_Opensource_Library\project\iar\Debug_m7_0\Obj\zf_device_6570275422786408770.dir\zf_device_oled.o
#        E:\SmartCar\ZhuFei\Seekfree_CYT4BB_Opensource_Library\project\iar\Debug_m7_0\Obj\zf_device_6570275422786408770.dir\zf_device_pmw3901.o
#        E:\SmartCar\ZhuFei\Seekfree_CYT4BB_Opensource_Library\project\iar\Debug_m7_0\Obj\zf_device_6570275422786408770.dir\zf_device_tft180.o
#        E:\SmartCar\ZhuFei\Seekfree_CYT4BB_Opensource_Library\project\iar\Debug_m7_0\Obj\zf_device_6570275422786408770.dir\zf_device_tsl1401.o
#        E:\SmartCar\ZhuFei\Seekfree_CYT4BB_Opensource_Library\project\iar\Debug_m7_0\Obj\zf_device_6570275422786408770.dir\zf_device_type.o
#        E:\SmartCar\ZhuFei\Seekfree_CYT4BB_Opensource_Library\project\iar\Debug_m7_0\Obj\zf_device_6570275422786408770.dir\zf_device_uart_receiver.o
#        E:\SmartCar\ZhuFei\Seekfree_CYT4BB_Opensource_Library\project\iar\Debug_m7_0\Obj\zf_device_6570275422786408770.dir\zf_device_upflow302.o
#        E:\SmartCar\ZhuFei\Seekfree_CYT4BB_Opensource_Library\project\iar\Debug_m7_0\Obj\zf_device_6570275422786408770.dir\zf_device_wifi_spi.o
#        E:\SmartCar\ZhuFei\Seekfree_CYT4BB_Opensource_Library\project\iar\Debug_m7_0\Obj\zf_device_6570275422786408770.dir\zf_device_wifi_uart.o
#        E:\SmartCar\ZhuFei\Seekfree_CYT4BB_Opensource_Library\project\iar\Debug_m7_0\Obj\zf_device_6570275422786408770.dir\zf_device_wireless_uart.o
#        E:\SmartCar\ZhuFei\Seekfree_CYT4BB_Opensource_Library\project\iar\Debug_m7_0\Obj\zf_driver_11922370083829174090.dir\zf_driver_adc.o
#        E:\SmartCar\ZhuFei\Seekfree_CYT4BB_Opensource_Library\project\iar\Debug_m7_0\Obj\zf_driver_11922370083829174090.dir\zf_driver_delay.o
#        E:\SmartCar\ZhuFei\Seekfree_CYT4BB_Opensource_Library\project\iar\Debug_m7_0\Obj\zf_driver_11922370083829174090.dir\zf_driver_dma.o
#        E:\SmartCar\ZhuFei\Seekfree_CYT4BB_Opensource_Library\project\iar\Debug_m7_0\Obj\zf_driver_11922370083829174090.dir\zf_driver_encoder.o
#        E:\SmartCar\ZhuFei\Seekfree_CYT4BB_Opensource_Library\project\iar\Debug_m7_0\Obj\zf_driver_11922370083829174090.dir\zf_driver_exti.o
#        E:\SmartCar\ZhuFei\Seekfree_CYT4BB_Opensource_Library\project\iar\Debug_m7_0\Obj\zf_driver_11922370083829174090.dir\zf_driver_flash.o
#        E:\SmartCar\ZhuFei\Seekfree_CYT4BB_Opensource_Library\project\iar\Debug_m7_0\Obj\zf_driver_11922370083829174090.dir\zf_driver_gpio.o
#        E:\SmartCar\ZhuFei\Seekfree_CYT4BB_Opensource_Library\project\iar\Debug_m7_0\Obj\zf_driver_11922370083829174090.dir\zf_driver_ipc.o
#        E:\SmartCar\ZhuFei\Seekfree_CYT4BB_Opensource_Library\project\iar\Debug_m7_0\Obj\zf_driver_11922370083829174090.dir\zf_driver_pit.o
#        E:\SmartCar\ZhuFei\Seekfree_CYT4BB_Opensource_Library\project\iar\Debug_m7_0\Obj\zf_driver_11922370083829174090.dir\zf_driver_pwm.o
#        E:\SmartCar\ZhuFei\Seekfree_CYT4BB_Opensource_Library\project\iar\Debug_m7_0\Obj\zf_driver_11922370083829174090.dir\zf_driver_soft_iic.o
#        E:\SmartCar\ZhuFei\Seekfree_CYT4BB_Opensource_Library\project\iar\Debug_m7_0\Obj\zf_driver_11922370083829174090.dir\zf_driver_soft_spi.o
#        E:\SmartCar\ZhuFei\Seekfree_CYT4BB_Opensource_Library\project\iar\Debug_m7_0\Obj\zf_driver_11922370083829174090.dir\zf_driver_spi.o
#        E:\SmartCar\ZhuFei\Seekfree_CYT4BB_Opensource_Library\project\iar\Debug_m7_0\Obj\zf_driver_11922370083829174090.dir\zf_driver_timer.o
#        E:\SmartCar\ZhuFei\Seekfree_CYT4BB_Opensource_Library\project\iar\Debug_m7_0\Obj\zf_driver_11922370083829174090.dir\zf_driver_uart.o
#        --no_out_extension -o
#        E:\SmartCar\ZhuFei\Seekfree_CYT4BB_Opensource_Library\project\iar\project_config\Debug_m7_0\Exe\cyt4bb7_cm_7_0.out
#        --config_def _CORE_cm7_0_=0 --config_def _LINK_flash_=0 --map
#        E:\SmartCar\ZhuFei\Seekfree_CYT4BB_Opensource_Library\project\iar\Debug_m7_0\List\cyt4bb7_cm_7_0.map
#        --config
#        E:\SmartCar\ZhuFei\Seekfree_CYT4BB_Opensource_Library\project\iar\project_config\..\icf\linker_directives_tviibh.icf
#        --semihosting
#        E:\SmartCar\ZhuFei\Seekfree_CYT4BB_Opensource_Library\project\iar\project_config\..\..\..\libraries\sdk\tviibh4m\src\drivers\crypto\libs\libcrypto_server_cm0plus_iar.a
#        E:\SmartCar\ZhuFei\Seekfree_CYT4BB_Opensource_Library\project\iar\project_config\..\..\..\libraries\zf_device\zf_device_config.a
#        E:\SmartCar\ZhuFei\Seekfree_CYT4BB_Opensource_Library\project\iar\project_config\..\..\..\libraries\sdk\common\hdr\cmsis\dsp\iar_cortexM7lf_math.a
#        --entry __iar_program_start --vfe --text_out locale --cpu=Cortex-M7
#        --fpu=VFPv5_d16) --dependencies=n
#        E:\SmartCar\ZhuFei\Seekfree_CYT4BB_Opensource_Library\project\iar\project_config\Debug_m7_0\Exe\cyt4bb7_cm_7_0.out.iar_deps
#
###############################################################################

*******************************************************************************
*** RUNTIME MODEL ATTRIBUTES
***

CppFlavor       = *
__CPP_Runtime   = 1
__Heap_Handler  = Basic
__SystemLibrary = DLib
__dlib_version  = 6


*******************************************************************************
*** HEAP SELECTION
***

The basic heap was selected because --advanced_heap
was not specified and the application did not appear to
be primarily optimized for speed.


*******************************************************************************
*** PLACEMENT SUMMARY
***

"A0":  place at start of [from 0x1008'0000 to 0x1027'ffff] { section .intvec };
"P1":  place in [from 0x1008'0000 to 0x1027'ffff] { ro };
"P2":  place in [from 0x2802'0000 to 0x2807'ffff] { rw };
define block HEAP with size = 1K, alignment = 8 { };
define block CSTACK with size = 8K, alignment = 8 { };
define block HEAP_STACK { block HEAP, last block CSTACK };
"A1":  place at end of [from 0x2802'0000 to 0x2807'ffff] { block HEAP_STACK };
do not initialize { section .intvec_ram };
initialize by copy { rw };

No sections matched the following patterns:

  ro section .sflash_app_prot  in "P6"
  ro section .sflash_nar       in "P4"
  ro section .sflash_pkey      in "P5"
  ro section .sflash_toc2      in "P7"
  ro section .sflash_uf_rows   in "P3"
  ro section .work_flash       in "P8"
  section .global_ram_data     in "P9"


  Section            Kind         Address    Size  Object
  -------            ----         -------    ----  ------
"A0":                                        0x80
  .intvec            ro code  0x1008'0000    0x80  startup_cm7.o [31]
                            - 0x1008'0080    0x80

"P1":                                      0x9ac3
  .text              ro code  0x1008'0080   0xeae  xprintffull_nomb.o [50]
  .text              ro code  0x1008'0f2e    0x7e  lz77_init_single.o [52]
  .text              ro code  0x1008'0fac    0x16  strchr.o [52]
  .text              ro code  0x1008'0fc2     0xa  xsprout.o [50]
  .text              ro code  0x1008'0fcc    0x40  xfail_s.o [50]
  .text              ro code  0x1008'100c    0x36  strlen.o [52]
  .text              ro code  0x1008'1044    0x58  memchr.o [52]
  .text              ro code  0x1008'109c    0xa6  ABImemcpy.o [52]
  .text              ro code  0x1008'1144    0x70  frexp.o [51]
  .text              ro code  0x1008'11b4    0x34  DblCmpLe.o [51]
  .text              ro code  0x1008'11e8    0x34  DblCmpGe.o [51]
  .text              ro code  0x1008'121c   0x104  ldexp.o [51]
  .text              ro code  0x1008'1320     0xe  DblToS32.o [51]
  .text              ro code  0x1008'132e     0xe  S32ToDbl.o [51]
  .text              ro code  0x1008'133c    0x12  DblSub.o [51]
  .text              ro code  0x1008'134e    0x12  DblDiv.o [51]
  .text              ro code  0x1008'1360     0xe  DblToU32.o [51]
  .text              ro code  0x1008'136e     0xe  U32ToDbl.o [51]
  .text              ro code  0x1008'137c    0x12  DblMul.o [51]
  .text              ro code  0x1008'1390   0x230  I64DivMod.o [52]
  .text              ro code  0x1008'15c0     0x6  abort.o [50]
  .text              ro code  0x1008'15c8     0x2  I64DivZer.o [52]
  .text              ro code  0x1008'15cc    0x14  exit.o [53]
  .text              ro code  0x1008'15e0   0xe18  zf_driver_pwm.o [49]
  .text              ro code  0x1008'23f8   0x454  zf_common_debug.o [46]
  .text              ro code  0x1008'284c    0x66  ABImemset.o [52]
  .text              ro code  0x1008'28b4   0x194  cy_gpio.o [14]
  .text              ro code  0x1008'2a48   0x20a  cy_tcpwm_pwm.o [43]
  .text              ro code  0x1008'2c52     0xc  cy_tcpwm.o [43]
  .text              ro code  0x1008'2c60   0xd74  zf_driver_uart.o [49]
  .text              ro code  0x1008'39d4    0x40  sprintf.o [50]
  .text              ro code  0x1008'3a14   0x448  zf_common_fifo.o [46]
  .text              ro code  0x1008'3e5c    0xe2  zf_common_interrupt.o [46]
  .text              ro code  0x1008'3f40     0x6  ABImemclr4.o [52]
  .text              ro code  0x1008'3f48   0x314  cy_scb_uart.o [24]
  .text              ro code  0x1008'425c    0xac  cy_sysint.o [35]
  .text              ro code  0x1008'4308    0x32  ABImemset48.o [52]
  .text              ro code  0x1008'433c   0xaa0  zf_driver_spi.o [49]
  .text              ro code  0x1008'4ddc   0x1f0  cy_scb_spi.o [24]
  .text              ro code  0x1008'4fcc   0x8e8  cy_sysclk.o [33]
  .text              ro code  0x1008'58b4    0x70  strncpy.o [52]
  .text              ro code  0x1008'5924    0xa8  cy_syslib.o [36]
  .text              ro code  0x1008'59cc     0x2  cy_syslib.o [36]
  .text              ro code  0x1008'59d0   0x848  ekf.o [5]
  .text              ro code  0x1008'6218   0x4e8  matrix.o [5]
  .text              ro code  0x1008'6700    0x8c  zf_device_imu660ra.o [48]
  .text              ro code  0x1008'678c    0x5c  asinf.o [51]
  .text              ro code  0x1008'67e8    0x6a  atan2f.o [51]
  .text              ro code  0x1008'6854   0x1d4  cos_sin32.o [51]
  .text              ro code  0x1008'6a28   0x1d4  zf_device_imu660rb.o [48]
  .text              ro code  0x1008'6bfc    0xa4  xatanf.o [51]
  .text              ro code  0x1008'6ca0   0x284  zf_driver_delay.o [49]
  .text              ro code  0x1008'6f24    0xe4  zf_driver_gpio.o [49]
  .text              ro code  0x1008'7008   0x1b8  cy_tcpwm_counter.o [43]
  .text              ro code  0x1008'71c0   0x3ac  vmc.o [5]
  .text              ro code  0x1008'756c   0x2f4  cos_sin64.o [51]
  .text              ro code  0x1008'7860    0x1e  sqrtf.o [51]
  .text              ro code  0x1008'7880   0x2c0  stree_comtrol.o [5]
  .text              ro code  0x1008'7b40   0x398  zf_driver_pit.o [49]
  .text              ro code  0x1008'7ed8   0x2f0  small_driver_uart_control.o [5]
  .text              ro code  0x1008'81c8   0x2a8  zf_driver_timer.o [49]
  .text              ro code  0x1008'8470   0x238  pid.o [5]
  .text              ro code  0x1008'86a8    0x28  printf.o [50]
  .text              ro code  0x1008'86d0   0x204  startup.o [31]
  .text              ro code  0x1008'88d4   0x150  system_tviibh4m_cm7.o [22]
  .text              ro code  0x1008'8a24     0x8  startup_cm7.o [31]
  .text              ro code  0x1008'8a2c     0x6  startup_cm7.o [31]
  .text              ro code  0x1008'8a34   0x198  cy_interrupt_map.o [23]
  .text              ro code  0x1008'8bcc   0x16c  zf_device_uart_receiver.o [48]
  .text              ro code  0x1008'8d38    0x44  zf_device_type.o [48]
  .text              ro code  0x1008'8d7c   0x130  cm7_0_isr.o [45]
  .text              ro code  0x1008'8eac    0x7c  zf_device_tsl1401.o [48]
  .text              ro code  0x1008'8f28   0x114  zf_device_gnss.o [48]
  .text              ro code  0x1008'903c    0x74  zf_driver_adc.o [49]
  .text              ro code  0x1008'90b0    0x2a  strncmp.o [50]
  .text              ro code  0x1008'90dc    0xbc  main_cm7_0.o [45]
  .text              ro code  0x1008'9198    0x1c  zf_common_clock.o [46]
  .text              ro code  0x1008'91b4    0xb0  startup_cm7.o [31]
  .rodata            const    0x1008'9264    0x70  system_tviibh4m_cm7.o [22]
  .rodata            const    0x1008'92d4    0x6c  cy_sysclk.o [33]
  .rodata            const    0x1008'9340    0x6c  cy_sysclk.o [33]
  .rodata            const    0x1008'93ac    0x60  zf_device_imu660rb.o [48]
  .rodata            const    0x1008'940c    0x5c  zf_common_fifo.o [46]
  .rodata            const    0x1008'9468    0x5c  zf_driver_pwm.o [49]
  .rodata            const    0x1008'94c4    0x5c  zf_driver_spi.o [49]
  .rodata            const    0x1008'9520    0x5c  zf_driver_uart.o [49]
  .rodata            const    0x1008'957c    0x40  ekf.o [5]
  .rodata            const    0x1008'95bc    0x40  ekf.o [5]
  .rodata            const    0x1008'95fc    0x40  ekf.o [5]
  .text              ro code  0x1008'963c    0x38  zero_init3.o [52]
  .text              ro code  0x1008'9674    0x28  data_init.o [52]
  .rodata            const    0x1008'969c    0x24  ekf.o [5]
  .text              ro code  0x1008'96c0    0x22  fpinit_M.o [51]
  .iar.init_table    const    0x1008'96e4    0x20  - Linker created -
  .text              ro code  0x1008'9704    0x20  startup_cm7.o [31]
  .text              ro code  0x1008'9724    0x20  putchar.o [50]
  .text              ro code  0x1008'9750    0x1e  cy_syslib_iar.o [36]
  .text              ro code  0x1008'9770    0x1e  cmain.o [52]
  .text              ro code  0x1008'9790     0x4  startup_cm7.o [31]
  .text              ro code  0x1008'9794     0x4  exit.o [50]
  .text              ro code  0x1008'9798     0xa  cexit.o [52]
  .rodata            const    0x1008'97a4    0x1c  zf_common_debug.o [46]
  .rodata            const    0x1008'97c0    0x1c  zf_device_imu660rb.o [48]
  .text              ro code  0x1008'97dc    0x1c  startup_cm7.o [31]
  .text              ro code  0x1008'97f8    0x1c  cstartup_M.o [52]
  .rodata            const    0x1008'9814    0x18  startup.o [31]
  .rodata            const    0x1008'982c    0x18  system_tviibh4m_cm7.o [22]
  .rodata            const    0x1008'9844    0x18  zf_common_debug.o [46]
  .text              ro code  0x1008'985c    0x16  xprout.o [50]
  .rodata            const    0x1008'9874    0x14  pid.o [5]
  .rodata            const    0x1008'9888    0x10  ekf.o [5]
  .rodata            const    0x1008'9898    0x10  zf_common_debug.o [46]
  .rodata            const    0x1008'98a8    0x10  zf_common_debug.o [46]
  .rodata            const    0x1008'98b8     0xc  zf_common_debug.o [46]
  .rodata            const    0x1008'98c4     0xc  zf_common_debug.o [46]
  .rodata            const    0x1008'98d0     0xc  zf_common_debug.o [46]
  .text              ro code  0x1008'98dc     0xc  cy_syslib.o [36]
  .rodata            const    0x1008'98e8     0x8  cy_sysclk.o [33]
  .rodata            const    0x1008'98f0     0x4  cy_interrupt_map.o [23]
  .rodata            const    0x1008'98f4     0x4  cy_interrupt_map.o [23]
  .rodata            const    0x1008'98f8     0x4  cy_interrupt_map.o [23]
  .rodata            const    0x1008'98fc     0x4  cy_interrupt_map.o [23]
  .rodata            const    0x1008'9900     0x4  cy_interrupt_map.o [23]
  .rodata            const    0x1008'9904     0x4  cy_interrupt_map.o [23]
  .rodata            const    0x1008'9908     0x4  cy_interrupt_map.o [23]
  .rodata            const    0x1008'990c     0x4  cy_interrupt_map.o [23]
  .rodata            const    0x1008'9910     0x4  cy_scb_spi.o [24]
  .rodata            const    0x1008'9914     0x4  cy_scb_spi.o [24]
  .rodata            const    0x1008'9918     0x4  cy_scb_spi.o [24]
  .rodata            const    0x1008'991c     0x4  cy_scb_spi.o [24]
  .rodata            const    0x1008'9920     0x4  cy_scb_uart.o [24]
  .rodata            const    0x1008'9924     0x4  cy_scb_uart.o [24]
  .rodata            const    0x1008'9928     0x4  cy_scb_uart.o [24]
  .rodata            const    0x1008'992c     0x4  cy_scb_uart.o [24]
  .rodata            const    0x1008'9930     0x4  cy_scb_uart.o [24]
  .rodata            const    0x1008'9934     0x4  cy_scb_uart.o [24]
  .rodata            const    0x1008'9938     0x4  cy_scb_uart.o [24]
  .rodata            const    0x1008'993c     0x4  cy_scb_uart.o [24]
  .rodata            const    0x1008'9940     0x4  cy_scb_uart.o [24]
  .rodata            const    0x1008'9944     0x4  cy_scb_uart.o [24]
  .rodata            const    0x1008'9948     0x4  cy_sysint.o [35]
  .rodata            const    0x1008'994c     0x4  cy_sysint.o [35]
  .rodata            const    0x1008'9950     0x4  cy_tcpwm_counter.o [43]
  .rodata            const    0x1008'9954     0x4  cy_tcpwm_counter.o [43]
  .rodata            const    0x1008'9958     0x4  cy_tcpwm_counter.o [43]
  .rodata            const    0x1008'995c     0x4  cy_tcpwm_counter.o [43]
  .rodata            const    0x1008'9960     0x4  cy_tcpwm_counter.o [43]
  .rodata            const    0x1008'9964     0x4  cy_tcpwm_pwm.o [43]
  .rodata            const    0x1008'9968     0x4  cy_tcpwm_pwm.o [43]
  .rodata            const    0x1008'996c     0x4  cy_tcpwm_pwm.o [43]
  .rodata            const    0x1008'9970     0x4  cy_tcpwm_pwm.o [43]
  .rodata            const    0x1008'9974     0x4  cy_tcpwm_pwm.o [43]
  .rodata            const    0x1008'9978     0x4  cy_tcpwm_pwm.o [43]
  .rodata            const    0x1008'997c     0x4  cy_tcpwm_pwm.o [43]
  .text              ro code  0x1008'9980     0x4  startup_cm7.o [31]
  .text              ro code  0x1008'9984     0x4  startup_cm7.o [31]
  .text              ro code  0x1008'9988     0x4  startup_cm7.o [31]
  .text              ro code  0x1008'998c     0x4  startup_cm7.o [31]
  .text              ro code  0x1008'9990     0x4  startup_cm7.o [31]
  .text              ro code  0x1008'9994     0x4  startup_cm7.o [31]
  .text              ro code  0x1008'9998     0x4  startup_cm7.o [31]
  .text              ro code  0x1008'999c     0x4  startup_cm7.o [31]
  .text              ro code  0x1008'99a0     0x4  startup_cm7.o [31]
  .text              ro code  0x1008'99a4     0x4  startup_cm7.o [31]
  .text              ro code  0x1008'99a8     0x4  startup_cm7.o [31]
  .text              ro code  0x1008'99ac     0x4  startup_cm7.o [31]
  .text              ro code  0x1008'99b0     0x4  startup_cm7.o [31]
  .text              ro code  0x1008'99b4     0x4  startup_cm7.o [31]
  .text              ro code  0x1008'99b8     0x4  startup_cm7.o [31]
  .rodata            const    0x1008'99bc     0x0  zero_init3.o [52]
  .rodata            const    0x1008'99bc     0x0  lz77_init_single.o [52]
  Initializer bytes  const    0x1008'99bc    0xc6  <for P2-1>
                            - 0x1008'9a82  0x9a02

"P2", part 1 of 3:                          0x7e8
  P2-1                        0x2802'0000   0x7e8  <Init block>
    .data            inited   0x2802'0000   0x6ec  cy_interrupt_map.o [23]
    .data            inited   0x2802'06ec     0x4  cy_interrupt_map.o [23]
    .data            inited   0x2802'06f0     0x4  ekf.o [5]
    .data            inited   0x2802'06f4     0xc  ekf.o [5]
    .data            inited   0x2802'0700     0x4  ekf.o [5]
    .data            inited   0x2802'0704    0x20  vmc.o [5]
    .data            inited   0x2802'0724    0x20  vmc.o [5]
    .data            inited   0x2802'0744     0x8  zf_device_imu660ra.o [48]
    .data            inited   0x2802'074c     0x4  zf_device_type.o [48]
    .data            inited   0x2802'0750     0x4  zf_device_type.o [48]
    .data            inited   0x2802'0754     0xc  zf_driver_adc.o [49]
    .data            inited   0x2802'0760    0x3c  zf_driver_pit.o [49]
    .data            inited   0x2802'079c    0x10  zf_driver_spi.o [49]
    .data            inited   0x2802'07ac    0x1c  zf_driver_uart.o [49]
    .data            inited   0x2802'07c8    0x1c  zf_driver_uart.o [49]
    .data            inited   0x2802'07e4     0x2  zf_driver_delay.o [49]
    .data            inited   0x2802'07e6     0x1  zf_common_debug.o [46]
    .data            inited   0x2802'07e7     0x1  zf_driver_delay.o [49]
                            - 0x2802'07e8   0x7e8

"P2", part 2 of 3:                          0x9f4
  .bss               zero     0x2802'07e8   0x200  zf_device_tsl1401.o [48]
  .bss               zero     0x2802'09e8   0x188  zf_driver_uart.o [49]
  .bss               zero     0x2802'0b70    0x80  zf_device_gnss.o [48]
  .bss               zero     0x2802'0bf0    0x80  zf_device_gnss.o [48]
  .bss               zero     0x2802'0c70    0x80  zf_device_gnss.o [48]
  .bss               zero     0x2802'0cf0    0x70  cy_syslib.o [36]
  .bss               zero     0x2802'0d60    0x70  zf_driver_uart.o [49]
  .bss               zero     0x2802'0dd0    0x48  ekf.o [5]
  .bss               zero     0x2802'0e18    0x48  ekf.o [5]
  .bss               zero     0x2802'0e60    0x48  ekf.o [5]
  .bss               zero     0x2802'0ea8    0x48  ekf.o [5]
  .bss               zero     0x2802'0ef0    0x48  ekf.o [5]
  .bss               zero     0x2802'0f38    0x48  zf_driver_adc.o [49]
  .bss               zero     0x2802'0f80    0x40  zf_common_debug.o [46]
  .bss               zero     0x2802'0fc0    0x2c  small_driver_uart_control.o [5]
  .bss               zero     0x2802'0fec    0x28  pid.o [5]
  .bss               zero     0x2802'1014    0x28  pid.o [5]
  .bss               zero     0x2802'103c    0x28  pid.o [5]
  .bss               zero     0x2802'1064    0x1c  zf_device_uart_receiver.o [48]
  .bss               zero     0x2802'1080    0x18  cy_sysclk.o [33]
  .bss               zero     0x2802'1098    0x18  cy_syslib.o [36]
  .bss               zero     0x2802'10b0    0x18  ekf.o [5]
  .bss               zero     0x2802'10c8    0x18  zf_common_debug.o [46]
  .bss               zero     0x2802'10e0    0x18  zf_device_gnss.o [48]
  .bss               zero     0x2802'10f8    0x14  zf_common_debug.o [46]
  .bss               zero     0x2802'110c    0x10  stree_comtrol.o [5]
  .bss               zero     0x2802'111c    0x10  stree_comtrol.o [5]
  .bss               zero     0x2802'112c    0x10  stree_comtrol.o [5]
  .bss               zero     0x2802'113c    0x10  stree_comtrol.o [5]
  .bss               zero     0x2802'114c    0x10  zf_device_uart_receiver.o [48]
  .bss               zero     0x2802'115c     0xc  ekf.o [5]
  .bss               zero     0x2802'1168     0x8  zf_driver_uart.o [49]
  .bss               zero     0x2802'1170     0x8  zf_driver_uart.o [49]
  .bss               zero     0x2802'1178     0x4  cy_syslib.o [36]
  .bss               zero     0x2802'117c     0x4  main_cm7_0.o [45]
  .bss               zero     0x2802'1180     0x4  pid.o [5]
  .bss               zero     0x2802'1184     0x4  pid.o [5]
  .bss               zero     0x2802'1188     0x4  pid.o [5]
  .bss               zero     0x2802'118c     0x4  system_tviibh4m_cm7.o [22]
  .bss               zero     0x2802'1190     0x4  system_tviibh4m_cm7.o [22]
  .bss               zero     0x2802'1194     0x4  system_tviibh4m_cm7.o [22]
  .bss               zero     0x2802'1198     0x4  system_tviibh4m_cm7.o [22]
  .bss               zero     0x2802'119c     0x4  system_tviibh4m_cm7.o [22]
  .bss               zero     0x2802'11a0     0x4  zf_common_clock.o [46]
  .bss               zero     0x2802'11a4     0x4  zf_common_interrupt.o [46]
  .bss               zero     0x2802'11a8     0x4  zf_driver_spi.o [49]
  .bss               zero     0x2802'11ac     0x4  zf_driver_timer.o [49]
  .bss               zero     0x2802'11b0     0x4  xfail_s.o [50]
  .bss               zero     0x2802'11b4     0x2  ekf.o [5]
  .bss               zero     0x2802'11b6     0x2  ekf.o [5]
  .bss               zero     0x2802'11b8     0x2  ekf.o [5]
  .bss               zero     0x2802'11ba     0x2  zf_device_imu660ra.o [48]
  .bss               zero     0x2802'11bc     0x2  zf_device_imu660ra.o [48]
  .bss               zero     0x2802'11be     0x2  zf_device_imu660ra.o [48]
  .bss               zero     0x2802'11c0     0x2  zf_device_imu660rb.o [48]
  .bss               zero     0x2802'11c2     0x2  zf_device_imu660rb.o [48]
  .bss               zero     0x2802'11c4     0x2  zf_device_imu660rb.o [48]
  .bss               zero     0x2802'11c6     0x2  zf_device_imu660rb.o [48]
  .bss               zero     0x2802'11c8     0x2  zf_device_imu660rb.o [48]
  .bss               zero     0x2802'11ca     0x2  zf_device_imu660rb.o [48]
  .bss               zero     0x2802'11cc     0x1  cy_sysclk.o [33]
  .bss               zero     0x2802'11cd     0x1  zf_common_debug.o [46]
  .bss               zero     0x2802'11ce     0x1  zf_common_debug.o [46]
  .bss               zero     0x2802'11cf     0x1  zf_common_debug.o [46]
  .bss               zero     0x2802'11d0     0x1  zf_device_gnss.o [48]
  .bss               zero     0x2802'11d1     0x1  zf_device_gnss.o [48]
  .bss               zero     0x2802'11d2     0x1  zf_device_gnss.o [48]
  .bss               zero     0x2802'11d3     0x1  zf_device_gnss.o [48]
  .bss               zero     0x2802'11d4     0x1  zf_device_gnss.o [48]
  .bss               zero     0x2802'11d5     0x1  zf_device_tsl1401.o [48]
  .bss               zero     0x2802'11d6     0x1  zf_device_tsl1401.o [48]
  .bss               zero     0x2802'11d7     0x1  zf_device_type.o [48]
  .bss               zero     0x2802'11d8     0x1  zf_device_uart_receiver.o [48]
                            - 0x2802'11d9   0x9f1

"P2", part 3 of 3:                           0x80
  .intvec_ram        uninit   0x2802'1200    0x80  startup_cm7.o [31]
                            - 0x2802'1280    0x80

"A1":                                      0x2000
  HEAP_STACK                  0x2807'e000  0x2000  <Block>
    CSTACK                    0x2807'e000  0x2000  <Block>
      CSTACK         uninit   0x2807'e000  0x2000  <Block tail>
                            - 0x2808'0000  0x2000

Unused ranges:

         From           To       Size
         ----           --       ----
  0x1008'9b43  0x1027'ffff  0x1f'64bd
  0x2802'11dc  0x2802'11ff       0x24
  0x2802'1280  0x2807'dfff   0x5'cd80


*******************************************************************************
*** INIT TABLE
***

          Address      Size
          -------      ----
Zero (__iar_zero_init3)
    1 destination range, total size 0x9f1:
          0x2802'07e8  0x9f1

Copy/lz77 (__iar_lz77_init_single3)
    1 source range, total size 0xc6 (9% of destination):
          0x1008'99bc   0xc6
    1 destination range, total size 0x7e8:
          0x2802'0000  0x7e8



*******************************************************************************
*** MODULE SUMMARY
***

    Module                       ro code  ro data  rw data
    ------                       -------  -------  -------
command line/config:
    ------------------------------------------------------
    Total:

E:\SmartCar\ZhuFei\Seekfree_CYT4BB_Opensource_Library\project\iar\Debug_m7_0\Obj\adc_11722776235721520015.dir: [1]
    ------------------------------------------------------
    Total:

E:\SmartCar\ZhuFei\Seekfree_CYT4BB_Opensource_Library\project\iar\Debug_m7_0\Obj\audioss_1346650047966882938.dir: [2]
    ------------------------------------------------------
    Total:

E:\SmartCar\ZhuFei\Seekfree_CYT4BB_Opensource_Library\project\iar\Debug_m7_0\Obj\button_4990804375159372270.dir: [3]
    ------------------------------------------------------
    Total:

E:\SmartCar\ZhuFei\Seekfree_CYT4BB_Opensource_Library\project\iar\Debug_m7_0\Obj\canfd_1800690984773873875.dir: [4]
    ------------------------------------------------------
    Total:

E:\SmartCar\ZhuFei\Seekfree_CYT4BB_Opensource_Library\project\iar\Debug_m7_0\Obj\code_17896468042025673432.dir: [5]
    ekf.o                          2'120      246      422
    matrix.o                       1'256
    pid.o                            568       20      132
    small_driver_uart_control.o      752                44
    stree_comtrol.o                  704                64
    vmc.o                            940        6       64
    ------------------------------------------------------
    Total:                         6'340      272      726

E:\SmartCar\ZhuFei\Seekfree_CYT4BB_Opensource_Library\project\iar\Debug_m7_0\Obj\cpu_15938736945165268644.dir: [6]
    ------------------------------------------------------
    Total:

E:\SmartCar\ZhuFei\Seekfree_CYT4BB_Opensource_Library\project\iar\Debug_m7_0\Obj\crypto_1190170608956581615.dir: [7]
    ------------------------------------------------------
    Total:

E:\SmartCar\ZhuFei\Seekfree_CYT4BB_Opensource_Library\project\iar\Debug_m7_0\Obj\dma_12106025507578611576.dir: [8]
    ------------------------------------------------------
    Total:

E:\SmartCar\ZhuFei\Seekfree_CYT4BB_Opensource_Library\project\iar\Debug_m7_0\Obj\eth_phy_18133017486186456677.dir: [9]
    ------------------------------------------------------
    Total:

E:\SmartCar\ZhuFei\Seekfree_CYT4BB_Opensource_Library\project\iar\Debug_m7_0\Obj\ethernet_6029839089178797009.dir: [10]
    ------------------------------------------------------
    Total:

E:\SmartCar\ZhuFei\Seekfree_CYT4BB_Opensource_Library\project\iar\Debug_m7_0\Obj\evtgen_3404189088603873129.dir: [11]
    ------------------------------------------------------
    Total:

E:\SmartCar\ZhuFei\Seekfree_CYT4BB_Opensource_Library\project\iar\Debug_m7_0\Obj\flash_8529866181315662935.dir: [12]
    ------------------------------------------------------
    Total:

E:\SmartCar\ZhuFei\Seekfree_CYT4BB_Opensource_Library\project\iar\Debug_m7_0\Obj\flash_864493325053435817.dir: [13]
    ------------------------------------------------------
    Total:

E:\SmartCar\ZhuFei\Seekfree_CYT4BB_Opensource_Library\project\iar\Debug_m7_0\Obj\gpio_3999404635324069351.dir: [14]
    cy_gpio.o                        404
    ------------------------------------------------------
    Total:                           404

E:\SmartCar\ZhuFei\Seekfree_CYT4BB_Opensource_Library\project\iar\Debug_m7_0\Obj\ipc_10145506163450686023.dir: [15]
    ------------------------------------------------------
    Total:

E:\SmartCar\ZhuFei\Seekfree_CYT4BB_Opensource_Library\project\iar\Debug_m7_0\Obj\lin_18429031207028094880.dir: [16]
    ------------------------------------------------------
    Total:

E:\SmartCar\ZhuFei\Seekfree_CYT4BB_Opensource_Library\project\iar\Debug_m7_0\Obj\lvd_6353935867039560245.dir: [17]
    ------------------------------------------------------
    Total:

E:\SmartCar\ZhuFei\Seekfree_CYT4BB_Opensource_Library\project\iar\Debug_m7_0\Obj\mcwdt_4052485907822033969.dir: [18]
    ------------------------------------------------------
    Total:

E:\SmartCar\ZhuFei\Seekfree_CYT4BB_Opensource_Library\project\iar\Debug_m7_0\Obj\mpu_5663187252346826382.dir: [19]
    ------------------------------------------------------
    Total:

E:\SmartCar\ZhuFei\Seekfree_CYT4BB_Opensource_Library\project\iar\Debug_m7_0\Obj\power_14453085144426420577.dir: [20]
    ------------------------------------------------------
    Total:

E:\SmartCar\ZhuFei\Seekfree_CYT4BB_Opensource_Library\project\iar\Debug_m7_0\Obj\prot_10722960861768657883.dir: [21]
    ------------------------------------------------------
    Total:

E:\SmartCar\ZhuFei\Seekfree_CYT4BB_Opensource_Library\project\iar\Debug_m7_0\Obj\rev_b_4986922561640112550.dir: [22]
    system_tviibh4m_cm7.o            336      136       20
    ------------------------------------------------------
    Total:                           336      136       20

E:\SmartCar\ZhuFei\Seekfree_CYT4BB_Opensource_Library\project\iar\Debug_m7_0\Obj\rev_b_6162237342861132223.dir: [23]
    cy_interrupt_map.o               408      205    1'776
    ------------------------------------------------------
    Total:                           408      205    1'776

E:\SmartCar\ZhuFei\Seekfree_CYT4BB_Opensource_Library\project\iar\Debug_m7_0\Obj\scb_15490842639181808494.dir: [24]
    cy_scb_spi.o                     496       16
    cy_scb_uart.o                    788       40
    ------------------------------------------------------
    Total:                         1'284       56

E:\SmartCar\ZhuFei\Seekfree_CYT4BB_Opensource_Library\project\iar\Debug_m7_0\Obj\sd_host_2982766354293506895.dir: [25]
    ------------------------------------------------------
    Total:

E:\SmartCar\ZhuFei\Seekfree_CYT4BB_Opensource_Library\project\iar\Debug_m7_0\Obj\semihosting_143864889731838620.dir: [26]
    ------------------------------------------------------
    Total:

E:\SmartCar\ZhuFei\Seekfree_CYT4BB_Opensource_Library\project\iar\Debug_m7_0\Obj\smartio_5451710003740070188.dir: [27]
    ------------------------------------------------------
    Total:

E:\SmartCar\ZhuFei\Seekfree_CYT4BB_Opensource_Library\project\iar\Debug_m7_0\Obj\smif_427648126384146252.dir: [28]
    ------------------------------------------------------
    Total:

E:\SmartCar\ZhuFei\Seekfree_CYT4BB_Opensource_Library\project\iar\Debug_m7_0\Obj\smif_mem_6470536964353725183.dir: [29]
    ------------------------------------------------------
    Total:

E:\SmartCar\ZhuFei\Seekfree_CYT4BB_Opensource_Library\project\iar\Debug_m7_0\Obj\srom_13018798572330080582.dir: [30]
    ------------------------------------------------------
    Total:

E:\SmartCar\ZhuFei\Seekfree_CYT4BB_Opensource_Library\project\iar\Debug_m7_0\Obj\startup_479057977785470282.dir: [31]
    startup.o                        516       24
    startup_cm7.o                    442               128
    ------------------------------------------------------
    Total:                           958       24      128

E:\SmartCar\ZhuFei\Seekfree_CYT4BB_Opensource_Library\project\iar\Debug_m7_0\Obj\sw_timer_4215635015939382130.dir: [32]
    ------------------------------------------------------
    Total:

E:\SmartCar\ZhuFei\Seekfree_CYT4BB_Opensource_Library\project\iar\Debug_m7_0\Obj\sysclk_16149231235676103872.dir: [33]
    cy_sysclk.o                    2'280      224       25
    ------------------------------------------------------
    Total:                         2'280      224       25

E:\SmartCar\ZhuFei\Seekfree_CYT4BB_Opensource_Library\project\iar\Debug_m7_0\Obj\sysflt_12293435975120599261.dir: [34]
    ------------------------------------------------------
    Total:

E:\SmartCar\ZhuFei\Seekfree_CYT4BB_Opensource_Library\project\iar\Debug_m7_0\Obj\sysint_7435970359207984181.dir: [35]
    cy_sysint.o                      172        8
    ------------------------------------------------------
    Total:                           172        8

E:\SmartCar\ZhuFei\Seekfree_CYT4BB_Opensource_Library\project\iar\Debug_m7_0\Obj\syslib_16330585751512546975.dir: [36]
    cy_syslib.o                      182               140
    cy_syslib_iar.o                   30
    ------------------------------------------------------
    Total:                           212               140

E:\SmartCar\ZhuFei\Seekfree_CYT4BB_Opensource_Library\project\iar\Debug_m7_0\Obj\syspm_10887939769544754770.dir: [37]
    ------------------------------------------------------
    Total:

E:\SmartCar\ZhuFei\Seekfree_CYT4BB_Opensource_Library\project\iar\Debug_m7_0\Obj\sysreghc_17676636058511625587.dir: [38]
    ------------------------------------------------------
    Total:

E:\SmartCar\ZhuFei\Seekfree_CYT4BB_Opensource_Library\project\iar\Debug_m7_0\Obj\sysreset_14586141425677365288.dir: [39]
    ------------------------------------------------------
    Total:

E:\SmartCar\ZhuFei\Seekfree_CYT4BB_Opensource_Library\project\iar\Debug_m7_0\Obj\sysrtc_10747768817563771611.dir: [40]
    ------------------------------------------------------
    Total:

E:\SmartCar\ZhuFei\Seekfree_CYT4BB_Opensource_Library\project\iar\Debug_m7_0\Obj\systick_16016591671695740695.dir: [41]
    ------------------------------------------------------
    Total:

E:\SmartCar\ZhuFei\Seekfree_CYT4BB_Opensource_Library\project\iar\Debug_m7_0\Obj\syswdt_9118657615806274156.dir: [42]
    ------------------------------------------------------
    Total:

E:\SmartCar\ZhuFei\Seekfree_CYT4BB_Opensource_Library\project\iar\Debug_m7_0\Obj\tcpwm_422923530147891246.dir: [43]
    cy_tcpwm.o                        12
    cy_tcpwm_counter.o               440       20
    cy_tcpwm_pwm.o                   522       28
    ------------------------------------------------------
    Total:                           974       48

E:\SmartCar\ZhuFei\Seekfree_CYT4BB_Opensource_Library\project\iar\Debug_m7_0\Obj\trigmux_9729677290734583340.dir: [44]
    ------------------------------------------------------
    Total:

E:\SmartCar\ZhuFei\Seekfree_CYT4BB_Opensource_Library\project\iar\Debug_m7_0\Obj\user_8514941877209965082.dir: [45]
    cm7_0_isr.o                      304
    main_cm7_0.o                     188                 4
    ------------------------------------------------------
    Total:                           492                 4

E:\SmartCar\ZhuFei\Seekfree_CYT4BB_Opensource_Library\project\iar\Debug_m7_0\Obj\zf_common_1201165462030747823.dir: [46]
    zf_common_clock.o                 28                 4
    zf_common_debug.o              1'108      120      112
    zf_common_fifo.o               1'096       92
    zf_common_interrupt.o            226                 4
    ------------------------------------------------------
    Total:                         2'458      212      120

E:\SmartCar\ZhuFei\Seekfree_CYT4BB_Opensource_Library\project\iar\Debug_m7_0\Obj\zf_components_14936052685886095442.dir: [47]
    ------------------------------------------------------
    Total:

E:\SmartCar\ZhuFei\Seekfree_CYT4BB_Opensource_Library\project\iar\Debug_m7_0\Obj\zf_device_6570275422786408770.dir: [48]
    zf_device_gnss.o                 276               413
    zf_device_imu660ra.o             140        1       14
    zf_device_imu660rb.o             468      124       12
    zf_device_tsl1401.o              124               514
    zf_device_type.o                  68        1        9
    zf_device_uart_receiver.o        364                45
    ------------------------------------------------------
    Total:                         1'440      126    1'007

E:\SmartCar\ZhuFei\Seekfree_CYT4BB_Opensource_Library\project\iar\Debug_m7_0\Obj\zf_driver_11922370083829174090.dir: [49]
    zf_driver_adc.o                  116        1       84
    zf_driver_delay.o                644        1        3
    zf_driver_gpio.o                 228
    zf_driver_pit.o                  920        6       60
    zf_driver_pwm.o                3'608       92
    zf_driver_spi.o                2'720       94       20
    zf_driver_timer.o                680                 4
    zf_driver_uart.o               3'444       97      576
    ------------------------------------------------------
    Total:                        12'360      291      747

dl7M_tln.a: [50]
    abort.o                            6
    exit.o                             4
    printf.o                          40
    putchar.o                         32
    sprintf.o                         64
    strncmp.o                         42
    xfail_s.o                         64                 4
    xprintffull_nomb.o             3'758
    xprout.o                          22
    xsprout.o                         10
    ------------------------------------------------------
    Total:                         4'042                 4

m7M_tlv.a: [51]
    DblCmpGe.o                        52
    DblCmpLe.o                        52
    DblDiv.o                          18
    DblMul.o                          18
    DblSub.o                          18
    DblToS32.o                        14
    DblToU32.o                        14
    S32ToDbl.o                        14
    U32ToDbl.o                        14
    asinf.o                           92
    atan2f.o                         106
    cos_sin32.o                      468
    cos_sin64.o                      756
    fpinit_M.o                        34
    frexp.o                          112
    ldexp.o                          260
    sqrtf.o                           30
    xatanf.o                         164
    ------------------------------------------------------
    Total:                         2'236

rt7M_tl.a: [52]
    ABImemclr4.o                       6
    ABImemcpy.o                      166
    ABImemset.o                      102
    ABImemset48.o                     50
    I64DivMod.o                      560
    I64DivZer.o                        2
    cexit.o                           10
    cmain.o                           30
    cstartup_M.o                      28
    data_init.o                       40
    lz77_init_single.o               126
    memchr.o                          88
    strchr.o                          22
    strlen.o                          54
    strncpy.o                        112
    zero_init3.o                      56
    ------------------------------------------------------
    Total:                         1'452

shb_l.a: [53]
    exit.o                            20
    ------------------------------------------------------
    Total:                            20

    Gaps                              46        6
    Linker created                             32    8'192
----------------------------------------------------------
    Grand Total:                  37'914    1'640   12'889


*******************************************************************************
*** ENTRY LIST
***

Entry                       Address   Size  Type      Object
-----                       -------   ----  ----      ------
.iar.init_table$$Base   0x1008'96e4          --   Gb  - Linker created -
.iar.init_table$$Limit  0x1008'9704          --   Gb  - Linker created -
?main                   0x1008'9771         Code  Gb  cmain.o [52]
BusFault_Handler        0x1008'9989         Code  Wk  startup_cm7.o [31]
CSTACK$$Base            0x2807'e000          --   Gb  - Linker created -
CSTACK$$Limit           0x2808'0000          --   Gb  - Linker created -
ClampDuty               0x1008'7a37   0x12  Code  Gb  stree_comtrol.o [5]
CopyVectorTable         0x1008'8871   0x34  Code  Lc  startup.o [31]
CpuUserInt0_Handler     0x1008'8a53   0x26  Code  Gb  cy_interrupt_map.o [23]
CpuUserInt10_Handler    0x1008'99a5         Code  Wk  startup_cm7.o [31]
CpuUserInt11_Handler    0x1008'99a9         Code  Wk  startup_cm7.o [31]
CpuUserInt12_Handler    0x1008'99ad         Code  Wk  startup_cm7.o [31]
CpuUserInt13_Handler    0x1008'99b1         Code  Wk  startup_cm7.o [31]
CpuUserInt14_Handler    0x1008'99b5         Code  Wk  startup_cm7.o [31]
CpuUserInt15_Handler    0x1008'99b9         Code  Wk  startup_cm7.o [31]
CpuUserInt1_Handler     0x1008'8a79   0x26  Code  Gb  cy_interrupt_map.o [23]
CpuUserInt2_Handler     0x1008'8a9f   0x26  Code  Gb  cy_interrupt_map.o [23]
CpuUserInt3_Handler     0x1008'8ac5   0x26  Code  Gb  cy_interrupt_map.o [23]
CpuUserInt4_Handler     0x1008'8aeb   0x26  Code  Gb  cy_interrupt_map.o [23]
CpuUserInt5_Handler     0x1008'8b11   0x26  Code  Gb  cy_interrupt_map.o [23]
CpuUserInt6_Handler     0x1008'8b37   0x26  Code  Gb  cy_interrupt_map.o [23]
CpuUserInt7_Handler     0x1008'8b5d   0x26  Code  Gb  cy_interrupt_map.o [23]
CpuUserInt8_Handler     0x1008'999d         Code  Wk  startup_cm7.o [31]
CpuUserInt9_Handler     0x1008'99a1         Code  Wk  startup_cm7.o [31]
Cy_DefaultUserHandler   0x1008'8a51    0x2  Code  Gb  cy_interrupt_map.o [23]
Cy_GPIO_ClearInterrupt  0x1008'2987    0xe  Code  Lc  cy_gpio.o [14]
Cy_GPIO_Clr             0x1008'6f2f    0xa  Code  Lc  zf_driver_gpio.o [49]
Cy_GPIO_Pin_Init        0x1008'29cb   0x72  Code  Gb  cy_gpio.o [14]
Cy_GPIO_Set             0x1008'6f25    0xa  Code  Lc  zf_driver_gpio.o [49]
Cy_GPIO_SetDriveSel     0x1008'2969   0x1e  Code  Lc  cy_gpio.o [14]
Cy_GPIO_SetDrivemode    0x1008'2919   0x1c  Code  Lc  cy_gpio.o [14]
Cy_GPIO_SetHSIOM        0x1008'28b5   0x4c  Code  Lc  cy_gpio.o [14]
Cy_GPIO_SetInterruptEdge
                        0x1008'29af   0x1c  Code  Lc  cy_gpio.o [14]
Cy_GPIO_SetInterruptMask
                        0x1008'2995   0x1a  Code  Lc  cy_gpio.o [14]
Cy_GPIO_SetSlewRate     0x1008'294f   0x1a  Code  Lc  cy_gpio.o [14]
Cy_GPIO_SetVtrip        0x1008'2935   0x1a  Code  Lc  cy_gpio.o [14]
Cy_GPIO_Write           0x1008'2901   0x18  Code  Lc  cy_gpio.o [14]
Cy_RestoreIRQ           0x1008'8a2d         Code  Gb  startup_cm7.o [31]
Cy_SCB_ClearRxFifo      0x1008'4347   0x1e  Code  Lc  zf_driver_spi.o [49]
Cy_SCB_ClearRxFifo      0x1008'2e41   0x1e  Code  Lc  zf_driver_uart.o [49]
Cy_SCB_ClearRxInterrupt
                        0x1008'2ea7    0xa  Code  Lc  zf_driver_uart.o [49]
Cy_SCB_ClearTxInterrupt
                        0x1008'2ebd    0xa  Code  Lc  zf_driver_uart.o [49]
Cy_SCB_GetFifoSize      0x1008'43a1   0x12  Code  Lc  zf_driver_spi.o [49]
Cy_SCB_GetNumInRxFifo   0x1008'433d    0xa  Code  Lc  zf_driver_spi.o [49]
Cy_SCB_GetNumInRxFifo   0x1008'2e37    0xa  Code  Lc  zf_driver_uart.o [49]
Cy_SCB_GetNumInTxFifo   0x1008'436b    0xa  Code  Lc  zf_driver_spi.o [49]
Cy_SCB_GetNumInTxFifo   0x1008'2e65    0xa  Code  Lc  zf_driver_uart.o [49]
Cy_SCB_GetRxInterruptMask
                        0x1008'2ea1    0x6  Code  Lc  zf_driver_uart.o [49]
Cy_SCB_GetTxInterruptMask
                        0x1008'2eb7    0x6  Code  Lc  zf_driver_uart.o [49]
Cy_SCB_GetTxSrValid     0x1008'4375    0xa  Code  Lc  zf_driver_spi.o [49]
Cy_SCB_GetTxSrValid     0x1008'2e6f    0xa  Code  Lc  zf_driver_uart.o [49]
Cy_SCB_IsTxComplete     0x1008'437f   0x22  Code  Lc  zf_driver_spi.o [49]
Cy_SCB_IsTxComplete     0x1008'2e79   0x22  Code  Lc  zf_driver_uart.o [49]
Cy_SCB_ReadRxFifo       0x1008'2e23    0x6  Code  Lc  zf_driver_uart.o [49]
Cy_SCB_SPI_ClearRxFifo  0x1008'43d1    0x8  Code  Lc  zf_driver_spi.o [49]
Cy_SCB_SPI_Enable       0x1008'43b3    0xa  Code  Lc  zf_driver_spi.o [49]
Cy_SCB_SPI_GetNumInRxFifo
                        0x1008'43c9    0x8  Code  Lc  zf_driver_spi.o [49]
Cy_SCB_SPI_Init         0x1008'4ddd  0x1d8  Code  Gb  cy_scb_spi.o [24]
Cy_SCB_SPI_SetActiveSlaveSelect
                        0x1008'43bd    0xc  Code  Lc  zf_driver_spi.o [49]
Cy_SCB_SetRxFifoLevel   0x1008'2e29    0xe  Code  Lc  zf_driver_uart.o [49]
Cy_SCB_SetRxInterruptMask
                        0x1008'2e9b    0x6  Code  Lc  zf_driver_uart.o [49]
Cy_SCB_SetTxInterruptMask
                        0x1008'2eb1    0x6  Code  Lc  zf_driver_uart.o [49]
Cy_SCB_UART_DeInit      0x1008'41cd   0x5c  Code  Gb  cy_scb_uart.o [24]
Cy_SCB_UART_Enable      0x1008'2ec7    0xa  Code  Lc  zf_driver_uart.o [49]
Cy_SCB_UART_Init        0x1008'3f49  0x284  Code  Gb  cy_scb_uart.o [24]
Cy_SCB_WriteTxFifo      0x1008'4365    0x6  Code  Lc  zf_driver_spi.o [49]
Cy_SCB_WriteTxFifo      0x1008'2e5f    0x6  Code  Lc  zf_driver_uart.o [49]
Cy_SaveIRQ              0x1008'8a25         Code  Gb  startup_cm7.o [31]
Cy_SysClk_CheckDividerExisting
                        0x1008'6ca1   0x2a  Code  Lc  zf_driver_delay.o [49]
Cy_SysClk_CheckDividerExisting
                        0x1008'7b41   0x2c  Code  Lc  zf_driver_pit.o [49]
Cy_SysClk_CheckDividerExisting
                        0x1008'15e1   0x2c  Code  Lc  zf_driver_pwm.o [49]
Cy_SysClk_CheckDividerExisting
                        0x1008'43d9   0x2c  Code  Lc  zf_driver_spi.o [49]
Cy_SysClk_CheckDividerExisting
                        0x1008'81c9   0x2a  Code  Lc  zf_driver_timer.o [49]
Cy_SysClk_CheckDividerExisting
                        0x1008'2c7f   0x2c  Code  Lc  zf_driver_uart.o [49]
Cy_SysClk_ClkPathGetSource
                        0x1008'5141   0x54  Code  Gb  cy_sysclk.o [33]
Cy_SysClk_EcoGetStatus  0x1008'4fcd   0x1a  Code  Lc  cy_sysclk.o [33]
Cy_SysClk_Fast0ClkGetDivider
                        0x1008'5115   0x16  Code  Lc  cy_sysclk.o [33]
Cy_SysClk_Fast1ClkGetDivider
                        0x1008'512b   0x16  Code  Lc  cy_sysclk.o [33]
Cy_SysClk_FllGetConfiguration
                        0x1008'519d   0x7e  Code  Gb  cy_sysclk.o [33]
Cy_SysClk_FllGetLockStatus
                        0x1008'4fe7    0xc  Code  Lc  cy_sysclk.o [33]
Cy_SysClk_GetClockGroup
                        0x1008'6d49    0x8  Code  Lc  zf_driver_delay.o [49]
Cy_SysClk_GetClockGroup
                        0x1008'7bef    0x8  Code  Lc  zf_driver_pit.o [49]
Cy_SysClk_GetClockGroup
                        0x1008'168f    0x8  Code  Lc  zf_driver_pwm.o [49]
Cy_SysClk_GetClockGroup
                        0x1008'44bd    0x8  Code  Lc  zf_driver_spi.o [49]
Cy_SysClk_GetClockGroup
                        0x1008'8271    0x8  Code  Lc  zf_driver_timer.o [49]
Cy_SysClk_GetClockGroup
                        0x1008'2d63    0x8  Code  Lc  zf_driver_uart.o [49]
Cy_SysClk_GetCoreFrequency
                        0x1008'5861   0x2a  Code  Gb  cy_sysclk.o [33]
Cy_SysClk_GetEcoFrequency
                        0x1008'5369   0x32  Code  Gb  cy_sysclk.o [33]
Cy_SysClk_GetExtFrequency
                        0x1008'539d   0x1e  Code  Gb  cy_sysclk.o [33]
Cy_SysClk_GetFast0Frequency
                        0x1008'57b5   0x56  Code  Gb  cy_sysclk.o [33]
Cy_SysClk_GetFast1Frequency
                        0x1008'580b   0x56  Code  Gb  cy_sysclk.o [33]
Cy_SysClk_GetFllInputFrequency
                        0x1008'54bd    0xc  Code  Gb  cy_sysclk.o [33]
Cy_SysClk_GetFllOutputFrequency
                        0x1008'54e5   0x78  Code  Gb  cy_sysclk.o [33]
Cy_SysClk_GetHfClkFrequency
                        0x1008'5737   0x7a  Code  Gb  cy_sysclk.o [33]
Cy_SysClk_GetIlo0Frequency
                        0x1008'53bb   0x32  Code  Gb  cy_sysclk.o [33]
Cy_SysClk_GetIlo1Frequency
                        0x1008'53ed   0x32  Code  Gb  cy_sysclk.o [33]
Cy_SysClk_GetImoFrequency
                        0x1008'5337   0x32  Code  Gb  cy_sysclk.o [33]
Cy_SysClk_GetPathFrequency
                        0x1008'5705   0x32  Code  Gb  cy_sysclk.o [33]
Cy_SysClk_GetPathSourceFrequency
                        0x1008'5459   0x64  Code  Gb  cy_sysclk.o [33]
Cy_SysClk_GetPll400MNo  0x1008'5031   0x14  Code  Lc  cy_sysclk.o [33]
Cy_SysClk_GetPllInputFrequency
                        0x1008'54c9   0x1c  Code  Gb  cy_sysclk.o [33]
Cy_SysClk_GetPllNo      0x1008'4ff5   0x12  Code  Lc  cy_sysclk.o [33]
Cy_SysClk_GetPllOutputFrequency
                        0x1008'5561  0x1a0  Code  Gb  cy_sysclk.o [33]
Cy_SysClk_GetWcoFrequency
                        0x1008'541f   0x32  Code  Gb  cy_sysclk.o [33]
Cy_SysClk_HfClockGetDivider
                        0x1008'50d3   0x42  Code  Lc  cy_sysclk.o [33]
Cy_SysClk_HfClockGetSource
                        0x1008'507f   0x54  Code  Lc  cy_sysclk.o [33]
Cy_SysClk_InitGetFreqParams
                        0x1008'531d   0x1a  Code  Gb  cy_sysclk.o [33]
Cy_SysClk_PeriphAssignDivider
                        0x1008'6d51   0x68  Code  Lc  zf_driver_delay.o [49]
Cy_SysClk_PeriphAssignDivider
                        0x1008'7bf7   0x68  Code  Lc  zf_driver_pit.o [49]
Cy_SysClk_PeriphAssignDivider
                        0x1008'1697   0x6a  Code  Lc  zf_driver_pwm.o [49]
Cy_SysClk_PeriphAssignDivider
                        0x1008'44c5   0x6a  Code  Lc  zf_driver_spi.o [49]
Cy_SysClk_PeriphAssignDivider
                        0x1008'8279   0x68  Code  Lc  zf_driver_timer.o [49]
Cy_SysClk_PeriphAssignDivider
                        0x1008'2d6b   0x6a  Code  Lc  zf_driver_uart.o [49]
Cy_SysClk_PeriphEnableDivider
                        0x1008'6db9   0x4c  Code  Lc  zf_driver_delay.o [49]
Cy_SysClk_PeriphEnableDivider
                        0x1008'7c5f   0x4c  Code  Lc  zf_driver_pit.o [49]
Cy_SysClk_PeriphEnableDivider
                        0x1008'1701   0x4e  Code  Lc  zf_driver_pwm.o [49]
Cy_SysClk_PeriphEnableDivider
                        0x1008'452f   0x4e  Code  Lc  zf_driver_spi.o [49]
Cy_SysClk_PeriphEnableDivider
                        0x1008'82e1   0x4c  Code  Lc  zf_driver_timer.o [49]
Cy_SysClk_PeriphEnableDivider
                        0x1008'2dd5   0x4e  Code  Lc  zf_driver_uart.o [49]
Cy_SysClk_PeriphSetDivider
                        0x1008'6ccb   0x7e  Code  Lc  zf_driver_delay.o [49]
Cy_SysClk_PeriphSetDivider
                        0x1008'7b6d   0x82  Code  Lc  zf_driver_pit.o [49]
Cy_SysClk_PeriphSetDivider
                        0x1008'160d   0x82  Code  Lc  zf_driver_pwm.o [49]
Cy_SysClk_PeriphSetDivider
                        0x1008'81f3   0x7e  Code  Lc  zf_driver_timer.o [49]
Cy_SysClk_PeriphSetFracDivider
                        0x1008'4405   0xb8  Code  Lc  zf_driver_spi.o [49]
Cy_SysClk_PeriphSetFracDivider
                        0x1008'2cab   0xb8  Code  Lc  zf_driver_uart.o [49]
Cy_SysClk_Pll400MGetConfiguration
                        0x1008'5289   0x84  Code  Gb  cy_sysclk.o [33]
Cy_SysClk_Pll400MGetLockStatus
                        0x1008'5045   0x2a  Code  Lc  cy_sysclk.o [33]
Cy_SysClk_PllGetConfiguration
                        0x1008'5235   0x48  Code  Gb  cy_sysclk.o [33]
Cy_SysClk_PllGetLockStatus
                        0x1008'5007   0x28  Code  Lc  cy_sysclk.o [33]
Cy_SysClk_WcoOkay       0x1008'5071    0xe  Code  Lc  cy_sysclk.o [33]
Cy_SysInt_InitIRQ       0x1008'425d   0x7e  Code  Gb  cy_sysint.o [35]
Cy_SysInt_SetSystemIrqVector
                        0x1008'42db   0x12  Code  Gb  cy_sysint.o [35]
Cy_SysInt_SystemIrqUserTableRamPointer
                        0x2802'06ec    0x4  Data  Gb  cy_interrupt_map.o [23]
Cy_SysLib_DelayCycles   0x1008'9751         Code  Gb  cy_syslib_iar.o [36]
Cy_SysLib_EnterCriticalSection
                        0x1008'9761         Code  Gb  cy_syslib_iar.o [36]
Cy_SysLib_ExitCriticalSection
                        0x1008'9769         Code  Gb  cy_syslib_iar.o [36]
Cy_SysLib_FaultHandler  0x1008'5929   0x90  Code  Gb  cy_syslib.o [36]
Cy_SysLib_Halt          0x1008'5925    0x4  Code  Gb  cy_syslib.o [36]
Cy_SysLib_ProcessingFault
                        0x1008'59cd    0x2  Code  Wk  cy_syslib.o [36]
Cy_SysLib_SvcHandler    0x1008'98dd    0xc  Code  Wk  cy_syslib.o [36]
Cy_SystemInitFpuEnable  0x1008'89c5   0x1e  Code  Gb  system_tviibh4m_cm7.o [22]
Cy_SystemIrqUserTable   0x2802'0000  0x6ec  Data  Gb  cy_interrupt_map.o [23]
Cy_Tcpwm_Counter_ClearTC_Intr
                        0x1008'71b1   0x10  Code  Gb  cy_tcpwm_counter.o [43]
Cy_Tcpwm_Counter_Disable
                        0x1008'7193    0xa  Code  Gb  cy_tcpwm_counter.o [43]
Cy_Tcpwm_Counter_Enable
                        0x1008'7189    0xa  Code  Gb  cy_tcpwm_counter.o [43]
Cy_Tcpwm_Counter_GetCounter
                        0x1008'71a1    0x4  Code  Gb  cy_tcpwm_counter.o [43]
Cy_Tcpwm_Counter_Init   0x1008'7009  0x16c  Code  Gb  cy_tcpwm_counter.o [43]
Cy_Tcpwm_Counter_SetCounter
                        0x1008'719d    0x4  Code  Gb  cy_tcpwm_counter.o [43]
Cy_Tcpwm_Counter_SetTC_IntrMask
                        0x1008'71a5    0xc  Code  Gb  cy_tcpwm_counter.o [43]
Cy_Tcpwm_Pwm_Enable     0x1008'2c49    0xa  Code  Gb  cy_tcpwm_pwm.o [43]
Cy_Tcpwm_Pwm_Init       0x1008'2a49  0x1e4  Code  Gb  cy_tcpwm_pwm.o [43]
Cy_Tcpwm_TriggerStart   0x1008'2c53    0xc  Code  Gb  cy_tcpwm.o [43]
Cy_u32StartupStackEndAddress
                        0x1008'9260         Data  Gb  startup_cm7.o [31]
Cy_u32StartupStackStartAddress
                        0x1008'925c         Data  Gb  startup_cm7.o [31]
DebugMon_Handler        0x1008'9991         Code  Wk  startup_cm7.o [31]
EKF_Init                0x1008'59d1  0x110  Code  Gb  ekf.o [5]
EKF_UpData              0x1008'5d8d  0x3c0  Code  Gb  ekf.o [5]
HEAP_STACK$$Base        0x2807'e000          --   Gb  - Linker created -
HEAP_STACK$$Limit       0x2808'0000          --   Gb  - Linker created -
HardFault_Handler       0x1008'9705         Code  Wk  startup_cm7.o [31]
IK_control              0x1008'7545   0x28  Code  Gb  vmc.o [5]
InitRamEcc              0x1008'875f  0x100  Code  Lc  startup.o [31]
InitRamEccClearArea     0x1008'885f   0x12  Code  Lc  startup.o [31]
LegIKines_left          0x1008'7391  0x188  Code  Gb  vmc.o [5]
LegIKines_right         0x1008'7201  0x188  Code  Gb  vmc.o [5]
Matrix_From_Array       0x1008'6261   0x3c  Code  Gb  matrix.o [5]
Matrix_Identity         0x1008'622f   0x32  Code  Gb  matrix.o [5]
Matrix_Init             0x1008'6219   0x16  Code  Gb  matrix.o [5]
Matrix_Transpose        0x1008'629d   0x4e  Code  Gb  matrix.o [5]
MemManage_Handler       0x1008'9985         Code  Wk  startup_cm7.o [31]
NMI_Handler             0x1008'9981         Code  Wk  startup_cm7.o [31]
P                       0x2802'0ef0   0x48  Data  Lc  ekf.o [5]
PID_Init                0x1008'8471   0x36  Code  Gb  pid.o [5]
PID_Position            0x1008'84a7   0x6c  Code  Gb  pid.o [5]
PendSV_Handler          0x1008'9995         Code  Wk  startup_cm7.o [31]
PolarToCartesian        0x1008'71c1   0x3e  Code  Gb  vmc.o [5]
Q                       0x2802'0e60   0x48  Data  Lc  ekf.o [5]
R                       0x2802'0ea8   0x48  Data  Lc  ekf.o [5]
Region$$Table$$Base     0x1008'96e4          --   Gb  - Linker created -
Region$$Table$$Limit    0x1008'9704          --   Gb  - Linker created -
Reset_Handler           0x1008'91b5         Code  Wk  startup_cm7.o [31]
SVC_Handler             0x1008'97dd         Code  Wk  startup_cm7.o [31]
Servo_Control_1         0x1008'7a49   0xd2  Code  Gb  stree_comtrol.o [5]
Servo_Init              0x1008'7881  0x11c  Code  Gb  stree_comtrol.o [5]
Startup_Init            0x1008'86d1   0x8e  Code  Gb  startup.o [31]
SysTick_Handler         0x1008'9999         Code  Wk  startup_cm7.o [31]
SystemCoreClock         0x2802'118c    0x4  Data  Gb  system_tviibh4m_cm7.o [22]
SystemCoreClockUpdate   0x1008'8931   0x94  Code  Gb  system_tviibh4m_cm7.o [22]
SystemInit              0x1008'88d5   0x5c  Code  Gb  system_tviibh4m_cm7.o [22]
UsageFault_Handler      0x1008'998d         Code  Wk  startup_cm7.o [31]
_LC                     0x1008'0081    0x6  Code  Lc  xprintffull_nomb.o [50]
_LitobFullNoMb          0x1008'0d4d  0x114  Code  Lc  xprintffull_nomb.o [50]
_PrintfFullNoMb         0x1008'0087  0xc98  Code  Gb  xprintffull_nomb.o [50]
_Prout                  0x1008'985d   0x16  Code  Gb  xprout.o [50]
_PutcharsFullNoMb       0x1008'0eb9   0x2e  Code  Lc  xprintffull_nomb.o [50]
_SProut                 0x1008'0fc3    0xa  Code  Gb  xsprout.o [50]
__NVIC_ClearPendingIRQ  0x1008'8a35   0x1c  Code  Lc  cy_interrupt_map.o [23]
__NVIC_ClearPendingIRQ  0x1008'3e79   0x1c  Code  Lc  zf_common_interrupt.o [46]
__NVIC_EnableIRQ        0x1008'3e5d   0x1c  Code  Lc  zf_common_interrupt.o [46]
__NVIC_EnableIRQ        0x1008'2c61   0x1e  Code  Lc  zf_driver_uart.o [49]
__NVIC_SetPriority      0x1008'3e95   0x24  Code  Lc  zf_common_interrupt.o [46]
__Vectors               0x1008'0000          --   Gb  startup_cm7.o [31]
__Vectors_End           0x1008'0080         Data  Gb  startup_cm7.o [31]
__Vectors_Size {Abs}           0x80          --   Gb  startup_cm7.o [31]
__aeabi_cdcmple         0x1008'11b5         Code  Gb  DblCmpLe.o [51]
__aeabi_cdrcmple        0x1008'11e9         Code  Gb  DblCmpGe.o [51]
__aeabi_d2iz            0x1008'1321    0xe  Code  Gb  DblToS32.o [51]
__aeabi_d2uiz           0x1008'1361    0xe  Code  Gb  DblToU32.o [51]
__aeabi_ddiv            0x1008'134f   0x12  Code  Gb  DblDiv.o [51]
__aeabi_dmul            0x1008'137d   0x12  Code  Gb  DblMul.o [51]
__aeabi_dsub            0x1008'133d   0x12  Code  Gb  DblSub.o [51]
__aeabi_i2d             0x1008'132f    0xe  Code  Gb  S32ToDbl.o [51]
__aeabi_ldiv0           0x1008'15c9         Code  Gb  I64DivZer.o [52]
__aeabi_memclr4         0x1008'3f41         Code  Gb  ABImemclr4.o [52]
__aeabi_memcpy          0x1008'109d         Code  Gb  ABImemcpy.o [52]
__aeabi_memcpy4         0x1008'10bd         Code  Gb  ABImemcpy.o [52]
__aeabi_memcpy8         0x1008'10bd         Code  Gb  ABImemcpy.o [52]
__aeabi_memset          0x1008'284d         Code  Gb  ABImemset.o [52]
__aeabi_ui2d            0x1008'136f    0xe  Code  Gb  U32ToDbl.o [51]
__aeabi_uldivmod        0x1008'1391         Code  Gb  I64DivMod.o [52]
__cmain                 0x1008'9771         Code  Gb  cmain.o [52]
__ecc_init_dtcm_end_address {Abs}
                        0x2000'3fff         Data  Gb  <internal module>
__ecc_init_dtcm_start_address {Abs}
                        0x2000'0000         Data  Gb  <internal module>
__ecc_init_itcm_end_address {Abs}
                             0x3fff         Data  Gb  <internal module>
__ecc_init_itcm_start_address {Abs}
                                0x0         Data  Gb  <internal module>
__ecc_init_sram_end_address {Abs}
                        0x2807'ffff         Data  Gb  <internal module>
__ecc_init_sram_start_address {Abs}
                        0x2802'0000         Data  Gb  <internal module>
__exit                  0x1008'15cd   0x14  Code  Gb  exit.o [53]
__iar_Fail_s            0x1008'0fcd   0x1c  Code  Gb  xfail_s.o [50]
__iar_Memchr            0x1008'1045         Code  Gb  memchr.o [52]
__iar_Memset            0x1008'284d         Code  Gb  ABImemset.o [52]
__iar_Memset4_word      0x1008'4309         Code  Gb  ABImemset48.o [52]
__iar_Memset8_word      0x1008'4309         Code  Gb  ABImemset48.o [52]
__iar_Memset_word       0x1008'2855         Code  Gb  ABImemset.o [52]
__iar_Sin32             0x1008'6855  0x18c  Code  Lc  cos_sin32.o [51]
__iar_Sin64             0x1008'756d  0x240  Code  Lc  cos_sin64.o [51]
__iar_Strchr            0x1008'0fad         Code  Gb  strchr.o [52]
__iar_asin32            0x1008'678d         Code  Gb  asinf.o [51]
__iar_atan2_32          0x1008'67e9         Code  Gb  atan2f.o [51]
__iar_cos32             0x1008'6a21    0x4  Code  Gb  cos_sin32.o [51]
__iar_cos_medium32      0x1008'6a21    0x4  Code  Gb  cos_sin32.o [51]
__iar_cos_mediumf       0x1008'6a21    0x4  Code  Gb  cos_sin32.o [51]
__iar_data_init3        0x1008'9675   0x28  Code  Gb  data_init.o [52]
__iar_frexp             0x1008'1151         Code  Gb  frexp.o [51]
__iar_frexpl            0x1008'1151         Code  Gb  frexp.o [51]
__iar_init_vfp          0x1008'96c1         Code  Gb  fpinit_M.o [51]
__iar_ldexp64           0x1008'1231         Code  Gb  ldexp.o [51]
__iar_lz77_init_single3
                        0x1008'0f2f   0x7e  Code  Gb  lz77_init_single.o [52]
__iar_program_start     0x1008'97f9         Code  Gb  cstartup_M.o [52]
__iar_scalbln64         0x1008'1231         Code  Gb  ldexp.o [51]
__iar_scalbn64          0x1008'1231         Code  Gb  ldexp.o [51]
__iar_sin32             0x1008'6a25    0x4  Code  Gb  cos_sin32.o [51]
__iar_sin64             0x1008'785d    0x4  Code  Gb  cos_sin64.o [51]
__iar_sin_medium        0x1008'785d    0x4  Code  Gb  cos_sin64.o [51]
__iar_sin_medium32      0x1008'6a25    0x4  Code  Gb  cos_sin32.o [51]
__iar_sin_medium64      0x1008'785d    0x4  Code  Gb  cos_sin64.o [51]
__iar_sin_mediumf       0x1008'6a25    0x4  Code  Gb  cos_sin32.o [51]
__iar_sin_mediuml       0x1008'785d    0x4  Code  Gb  cos_sin64.o [51]
__iar_softfp___iar_frexp64
                        0x1008'1145         Code  Gb  frexp.o [51]
__iar_softfp___iar_ldexp64
                        0x1008'121d         Code  Gb  ldexp.o [51]
__iar_softfp___iar_scalbln64
                        0x1008'121d         Code  Gb  ldexp.o [51]
__iar_softfp___iar_scalbn64
                        0x1008'121d         Code  Gb  ldexp.o [51]
__iar_softfp_frexp      0x1008'1145         Code  Gb  frexp.o [51]
__iar_softfp_frexpl     0x1008'1145         Code  Gb  frexp.o [51]
__iar_softfp_ldexp      0x1008'121d         Code  Gb  ldexp.o [51]
__iar_softfp_ldexpl     0x1008'121d         Code  Gb  ldexp.o [51]
__iar_softfp_scalbln    0x1008'121d         Code  Gb  ldexp.o [51]
__iar_softfp_scalblnl   0x1008'121d         Code  Gb  ldexp.o [51]
__iar_softfp_scalbn     0x1008'121d         Code  Gb  ldexp.o [51]
__iar_softfp_scalbnl    0x1008'121d         Code  Gb  ldexp.o [51]
__iar_sqrt32            0x1008'7861         Code  Gb  sqrtf.o [51]
__iar_xatanf            0x1008'6bfd         Code  Gb  xatanf.o [51]
__iar_zero_init3        0x1008'963d   0x38  Code  Gb  zero_init3.o [52]
__low_level_init        0x1008'9791         Code  Gb  startup_cm7.o [31]
__ramVectors            0x2802'1200         Data  Gb  startup_cm7.o [31]
__vector_table          0x1008'0000         Data  Gb  startup_cm7.o [31]
__vector_table_0x1c     0x1008'001c         Data  Gb  startup_cm7.o [31]
__write                 0x1008'2717   0x12  Code  Gb  zf_common_debug.o [46]
_call_main              0x1008'977d         Code  Gb  cmain.o [52]
_exit                   0x1008'9799         Code  Gb  cexit.o [52]
abort                   0x1008'15c1    0x6  Code  Gb  abort.o [50]
acc_b                   0x2802'06f4    0xc  Data  Gb  ekf.o [5]
adc_convert             0x1008'903d   0x6c  Code  Gb  zf_driver_adc.o [49]
adc_resolution          0x2802'0f38   0x48  Data  Lc  zf_driver_adc.o [49]
add_matrices            0x1008'636b   0x64  Code  Gb  matrix.o [5]
angle_speed_pid         0x2802'1014   0x28  Data  Gb  pid.o [5]
asinf                   0x1008'678d         Code  Gb  asinf.o [51]
assert_interrupt_config
                        0x1008'3ef1    0xc  Code  Gb  zf_common_interrupt.o [46]
atan2f                  0x1008'67e9         Code  Gb  atan2f.o [51]
clock_init              0x1008'9199   0x16  Code  Gb  zf_common_clock.o [46]
cosf                    0x1008'6a21    0x4  Code  Gb  cos_sin32.o [51]
cs_pin_save             0x2802'11a8    0x4  Data  Gb  zf_driver_spi.o [49]
cy_assertFileName       0x2802'1098   0x18  Data  Gb  cy_syslib.o [36]
cy_assertLine           0x2802'1178    0x4  Data  Gb  cy_syslib.o [36]
cy_delay32kMs           0x2802'119c    0x4  Data  Gb  system_tviibh4m_cm7.o [22]
cy_delayFreqHz          0x2802'1190    0x4  Data  Gb  system_tviibh4m_cm7.o [22]
cy_delayFreqKhz         0x2802'1194    0x4  Data  Gb  system_tviibh4m_cm7.o [22]
cy_delayFreqMhz         0x2802'1198    0x4  Data  Gb  system_tviibh4m_cm7.o [22]
cy_faultFrame           0x2802'0cf0   0x70  Data  Gb  cy_syslib.o [36]
debug_assert_handler    0x1008'2729   0x3c  Code  Gb  zf_common_debug.o [46]
[...]
gnss_flag               0x2802'11d0    0x1  Data  Gb  zf_device_gnss.o [48]
gnss_gga_state          0x2802'11d2    0x1  Data  Lc  zf_device_gnss.o [48]
gnss_receiver_fifo      0x2802'10e0   0x18  Data  Lc  zf_device_gnss.o [48]
gnss_rmc_state          0x2802'11d3    0x1  Data  Lc  zf_device_gnss.o [48]
gnss_state              0x2802'11d1    0x1  Data  Lc  zf_device_gnss.o [48]
gnss_ths_state          0x2802'11d4    0x1  Data  Lc  zf_device_gnss.o [48]
gnss_uart_callback      0x1008'8f29   0xe2  Code  Gb  zf_device_gnss.o [48]
gpio_init               0x1008'6f7d   0x88  Code  Gb  zf_driver_gpio.o [49]
gpio_set_level          0x1008'6f39   0x44  Code  Gb  zf_driver_gpio.o [49]
gps_gga_buffer          0x2802'0b70   0x80  Data  Lc  zf_device_gnss.o [48]
gps_rmc_buffer          0x2802'0bf0   0x80  Data  Lc  zf_device_gnss.o [48]
gps_ths_buffer          0x2802'0c70   0x80  Data  Lc  zf_device_gnss.o [48]
ik_left                 0x2802'0704   0x20  Data  Gb  vmc.o [5]
ik_right                0x2802'0724   0x20  Data  Gb  vmc.o [5]
imu660ra_acc_x          0x2802'11ba    0x2  Data  Gb  zf_device_imu660ra.o [48]
imu660ra_acc_y          0x2802'11bc    0x2  Data  Gb  zf_device_imu660ra.o [48]
imu660ra_acc_z          0x2802'11be    0x2  Data  Gb  zf_device_imu660ra.o [48]
imu660ra_get_acc        0x1008'673b   0x3e  Code  Gb  zf_device_imu660ra.o [48]
imu660ra_read_registers
                        0x1008'6701   0x3a  Code  Lc  zf_device_imu660ra.o [48]
imu660ra_transition_factor
                        0x2802'0744    0x8  Data  Gb  zf_device_imu660ra.o [48]
imu660rb_acc_x          0x2802'11c6    0x2  Data  Gb  zf_device_imu660rb.o [48]
imu660rb_acc_x_l        0x2802'11b4    0x2  Data  Lc  ekf.o [5]
imu660rb_acc_y          0x2802'11c8    0x2  Data  Gb  zf_device_imu660rb.o [48]
imu660rb_acc_y_l        0x2802'11b6    0x2  Data  Lc  ekf.o [5]
imu660rb_acc_z          0x2802'11ca    0x2  Data  Gb  zf_device_imu660rb.o [48]
imu660rb_acc_z_l        0x2802'11b8    0x2  Data  Lc  ekf.o [5]
imu660rb_get_acc        0x1008'6abb   0x3e  Code  Gb  zf_device_imu660rb.o [48]
imu660rb_get_gyro       0x1008'6af9   0x3e  Code  Gb  zf_device_imu660rb.o [48]
imu660rb_gyro_x         0x2802'11c0    0x2  Data  Gb  zf_device_imu660rb.o [48]
imu660rb_gyro_y         0x2802'11c2    0x2  Data  Gb  zf_device_imu660rb.o [48]
imu660rb_gyro_z         0x2802'11c4    0x2  Data  Gb  zf_device_imu660rb.o [48]
imu660rb_init           0x1008'6b39   0x98  Code  Gb  zf_device_imu660rb.o [48]
imu660rb_read_register  0x1008'6a47   0x20  Code  Lc  zf_device_imu660rb.o [48]
imu660rb_read_registers
                        0x1008'6a67   0x22  Code  Lc  zf_device_imu660rb.o [48]
imu660rb_self_check     0x1008'6a89   0x32  Code  Lc  zf_device_imu660rb.o [48]
imu660rb_write_register
                        0x1008'6a29   0x1e  Code  Lc  zf_device_imu660rb.o [48]
imu_data                0x2802'10b0   0x18  Data  Gb  ekf.o [5]
imu_get_values          0x1008'5c41  0x132  Code  Gb  ekf.o [5]
intFreqInitialized      0x2802'11cc    0x1  Data  Gb  cy_sysclk.o [33]
internalBaseFreqInfo    0x2802'1080   0x18  Data  Gb  cy_sysclk.o [33]
interrupt_global_disable
                        0x1008'3ec9   0x14  Code  Gb  zf_common_interrupt.o [46]
interrupt_global_enable
                        0x1008'3eb9   0x10  Code  Gb  zf_common_interrupt.o [46]
interrupt_global_flag   0x2802'11a4    0x4  Data  Lc  zf_common_interrupt.o [46]
interrupt_init          0x1008'3f09   0x36  Code  Gb  zf_common_interrupt.o [46]
interrupt_set_priority  0x1008'3efd    0xc  Code  Gb  zf_common_interrupt.o [46]
invSqrt                 0x1008'661b   0x2e  Code  Lc  matrix.o [5]
inverse_matrix          0x1008'6435  0x1e6  Code  Gb  matrix.o [5]
ldexp                   0x1008'1231         Code  Gb  ldexp.o [51]
ldexpl                  0x1008'1231         Code  Gb  ldexp.o [51]
main                    0x1008'90dd   0xbc  Code  Gb  main_cm7_0.o [45]
memchr                  0x1008'1045         Code  Gb  memchr.o [52]
multiply_matrices       0x1008'62eb   0x80  Code  Gb  matrix.o [5]
normalize_vector        0x1008'6649   0xa6  Code  Gb  matrix.o [5]
p                       0x1008'95bc   0x40  Data  Gb  ekf.o [5]
pid_control_run         0x1008'8551  0x106  Code  Gb  pid.o [5]
pid_control_run::L_pwm  0x2802'1184    0x4  Data  Lc  pid.o [5]
pid_control_run::angle_speed_out
                        0x2802'1188    0x4  Data  Lc  pid.o [5]
pid_control_run::timer_flag
                        0x2802'1180    0x4  Data  Lc  pid.o [5]
pit0_ch0_isr            0x1008'8d7d   0x18  Code  Gb  cm7_0_isr.o [45]
pit0_ch10_isr           0x1008'8db1    0xa  Code  Gb  cm7_0_isr.o [45]
pit0_ch11_isr           0x1008'8dbb    0xa  Code  Gb  cm7_0_isr.o [45]
pit0_ch12_isr           0x1008'8dc5    0xa  Code  Gb  cm7_0_isr.o [45]
pit0_ch13_isr           0x1008'8dcf    0xa  Code  Gb  cm7_0_isr.o [45]
pit0_ch14_isr           0x1008'8dd9    0xa  Code  Gb  cm7_0_isr.o [45]
pit0_ch15_isr           0x1008'8de3    0xa  Code  Gb  cm7_0_isr.o [45]
pit0_ch16_isr           0x1008'8ded    0xa  Code  Gb  cm7_0_isr.o [45]
pit0_ch17_isr           0x1008'8df7    0xa  Code  Gb  cm7_0_isr.o [45]
pit0_ch18_isr           0x1008'8e01    0xa  Code  Gb  cm7_0_isr.o [45]
pit0_ch19_isr           0x1008'8e0b    0xa  Code  Gb  cm7_0_isr.o [45]
pit0_ch1_isr            0x1008'8d95   0x12  Code  Gb  cm7_0_isr.o [45]
pit0_ch20_isr           0x1008'8e15    0xa  Code  Gb  cm7_0_isr.o [45]
pit0_ch21_isr           0x1008'8e1f    0xe  Code  Gb  cm7_0_isr.o [45]
pit0_ch2_isr            0x1008'8da7    0xa  Code  Gb  cm7_0_isr.o [45]
pit_init                0x1008'7cd5  0x1ee  Code  Gb  zf_driver_pit.o [49]
pit_isr_flag_clear      0x1008'7cab   0x2a  Code  Gb  zf_driver_pit.o [49]
pit_isr_func            0x2802'0760   0x3c  Data  Gb  zf_driver_pit.o [49]
printf                  0x1008'86a9   0x28  Code  Gb  printf.o [50]
putchar                 0x1008'9725   0x20  Code  Gb  putchar.o [50]
pwm_all_channel_close   0x1008'2191   0x1a  Code  Gb  zf_driver_pwm.o [49]
pwm_init                0x1008'2205  0x1e4  Code  Gb  zf_driver_pwm.o [49]
pwm_set_duty            0x1008'21ab   0x5a  Code  Gb  zf_driver_pwm.o [49]
q                       0x1008'957c   0x40  Data  Gb  ekf.o [5]
quaternion_to_euler     0x1008'5ae1  0x160  Code  Lc  ekf.o [5]
r                       0x1008'969c   0x24  Data  Gb  ekf.o [5]
r_yz                    0x2802'06f0    0x4  Data  Gb  ekf.o [5]
rc_channel_to_speed_duty
                        0x1008'8515   0x3c  Code  Lc  pid.o [5]
sar_adc                 0x2802'0754    0xc  Data  Lc  zf_driver_adc.o [49]
scalbln                 0x1008'1231         Code  Gb  ldexp.o [51]
scalblnl                0x1008'1231         Code  Gb  ldexp.o [51]
scalbn                  0x1008'1231         Code  Gb  ldexp.o [51]
scalbnl                 0x1008'1231         Code  Gb  ldexp.o [51]
scale                   0x1008'0e61   0x46  Code  Lc  xprintffull_nomb.o [50]
scb_module              0x2802'07c8   0x1c  Data  Gb  zf_driver_uart.o [49]
sec_hand                0x2802'11b0    0x4  Data  Lc  xfail_s.o [50]
servo2angle             0x1008'799d   0x9a  Code  Gb  stree_comtrol.o [5]
set_wireless_type       0x1008'8d3b   0x32  Code  Gb  zf_device_type.o [48]
sin                     0x1008'785d    0x4  Code  Gb  cos_sin64.o [51]
sinf                    0x1008'6a25    0x4  Code  Gb  cos_sin32.o [51]
sinl                    0x1008'785d    0x4  Code  Gb  cos_sin64.o [51]
small_driver_control_callback
                        0x1008'7ed9  0x166  Code  Gb  small_driver_uart_control.o [5]
small_driver_get_location
                        0x1008'8127   0x3e  Code  Gb  small_driver_uart_control.o [5]
small_driver_get_speed  0x1008'80e9   0x3e  Code  Gb  small_driver_uart_control.o [5]
small_driver_set_duty   0x1008'803f   0x6c  Code  Gb  small_driver_uart_control.o [5]
small_driver_set_location_zero
                        0x1008'80ab   0x3e  Code  Gb  small_driver_uart_control.o [5]
small_driver_uart_init  0x1008'8165   0x54  Code  Gb  small_driver_uart_control.o [5]
small_driver_value      0x2802'0fc0   0x2c  Data  Gb  small_driver_uart_control.o [5]
speed_pid               0x2802'0fec   0x28  Data  Gb  pid.o [5]
spi_get_clk_hsiom       0x1008'4639   0x28  Code  Lc  zf_driver_spi.o [49]
spi_get_clk_pin         0x1008'457d   0x28  Code  Lc  zf_driver_spi.o [49]
spi_get_cs_hsiom        0x1008'46b1   0x44  Code  Lc  zf_driver_spi.o [49]
spi_get_cs_pin          0x1008'45f5   0x44  Code  Lc  zf_driver_spi.o [49]
spi_get_miso_hsiom      0x1008'4689   0x28  Code  Lc  zf_driver_spi.o [49]
spi_get_miso_pin        0x1008'45cd   0x28  Code  Lc  zf_driver_spi.o [49]
spi_get_mosi_hsiom      0x1008'4661   0x28  Code  Lc  zf_driver_spi.o [49]
spi_get_mosi_pin        0x1008'45a5   0x28  Code  Lc  zf_driver_spi.o [49]
spi_init                0x1008'4b15  0x2b2  Code  Gb  zf_driver_spi.o [49]
spi_module              0x2802'079c   0x10  Data  Gb  zf_driver_spi.o [49]
spi_read_8bit_register  0x1008'4919   0xea  Code  Gb  zf_driver_spi.o [49]
spi_read_8bit_registers
                        0x1008'4a03   0xfe  Code  Gb  zf_driver_spi.o [49]
spi_write_8bit_register
                        0x1008'4831   0xde  Code  Gb  zf_driver_spi.o [49]
sprintf                 0x1008'39d5   0x40  Code  Gb  sprintf.o [50]
sqrtf                   0x1008'7861         Code  Gb  sqrtf.o [51]
steer_1                 0x2802'110c   0x10  Data  Gb  stree_comtrol.o [5]
steer_2                 0x2802'111c   0x10  Data  Gb  stree_comtrol.o [5]
steer_3                 0x2802'112c   0x10  Data  Gb  stree_comtrol.o [5]
steer_4                 0x2802'113c   0x10  Data  Gb  stree_comtrol.o [5]
strchr                  0x1008'0fad         Code  Gb  strchr.o [52]
strlen                  0x1008'100d         Code  Gb  strlen.o [52]
strncmp                 0x1008'90b1   0x2a  Code  Gb  strncmp.o [50]
strncpy                 0x1008'58b5         Code  Gb  strncpy.o [52]
subtract_matrices       0x1008'63cf   0x64  Code  Gb  matrix.o [5]
switch_transition_length
                        0x1008'46f5  0x13c  Code  Lc  zf_driver_spi.o [49]
system_clock            0x2802'11a0    0x4  Data  Gb  zf_common_clock.o [46]
system_delay_init       0x1008'6e63   0xa6  Code  Gb  zf_driver_delay.o [49]
system_delay_ms         0x1008'6e05   0x5e  Code  Gb  zf_driver_delay.o [49]
timer_ch                0x2802'07e7    0x1  Data  Lc  zf_driver_delay.o [49]
timer_clear             0x1008'8383   0x16  Code  Gb  zf_driver_timer.o [49]
timer_get               0x1008'8355   0x2e  Code  Gb  zf_driver_timer.o [49]
timer_init              0x1008'8399   0xc8  Code  Gb  zf_driver_timer.o [49]
timer_start             0x1008'832d   0x28  Code  Gb  zf_driver_timer.o [49]
tsl1401_collect_pit_handler
                        0x1008'8ead   0x68  Code  Gb  zf_device_tsl1401.o [48]
tsl1401_data            0x2802'07e8  0x200  Data  Gb  zf_device_tsl1401.o [48]
tsl1401_finish_flag     0x2802'11d6    0x1  Data  Gb  zf_device_tsl1401.o [48]
tsl1401_init_state      0x2802'11d5    0x1  Data  Lc  zf_device_tsl1401.o [48]
type_default_callback   0x1008'8d39    0x2  Code  Lc  zf_device_type.o [48]
uart0_isr               0x1008'8e2d   0x12  Code  Gb  cm7_0_isr.o [45]
uart1_isr               0x1008'8e3f   0x14  Code  Gb  cm7_0_isr.o [45]
uart2_isr               0x1008'8e53   0x12  Code  Gb  cm7_0_isr.o [45]
uart3_isr               0x1008'8e65    0xa  Code  Gb  cm7_0_isr.o [45]
uart4_isr               0x1008'8e6f   0x1a  Code  Gb  cm7_0_isr.o [45]
uart5_isr               0x1008'8e99    0xa  Code  Gb  cm7_0_isr.o [45]
uart6_isr               0x1008'8ea3    0xa  Code  Gb  cm7_0_isr.o [45]
uart_context            0x2802'09e8  0x188  Data  Gb  zf_driver_uart.o [49]
uart_data_buffer        0x2802'0d60   0x70  Data  Lc  zf_driver_uart.o [49]
uart_data_buffer_count  0x2802'1168    0x8  Data  Lc  zf_driver_uart.o [49]
uart_data_refresh       0x2802'1170    0x8  Data  Lc  zf_driver_uart.o [49]
uart_init               0x1008'37d5  0x1c0  Code  Gb  zf_driver_uart.o [49]
uart_isr_func           0x2802'07ac   0x1c  Data  Gb  zf_driver_uart.o [49]
uart_isr_mask           0x1008'2ed1   0xfa  Code  Gb  zf_driver_uart.o [49]
uart_query_buffer       0x1008'32ab   0x56  Code  Gb  zf_driver_uart.o [49]
uart_query_byte         0x1008'3237   0x74  Code  Gb  zf_driver_uart.o [49]
uart_receiver           0x2802'114c   0x10  Data  Gb  zf_device_uart_receiver.o [48]
uart_receiver_analysis  0x1008'8be1   0xcc  Code  Lc  zf_device_uart_receiver.o [48]
uart_receiver_callback  0x1008'8cad   0x4a  Code  Gb  zf_device_uart_receiver.o [48]
uart_receiver_callback::length
                        0x2802'11d8    0x1  Data  Lc  zf_device_uart_receiver.o [48]
uart_receiver_data      0x2802'1064   0x1c  Data  Gb  zf_device_uart_receiver.o [48]
uart_receiver_handler   0x2802'0750    0x4  Data  Gb  zf_device_type.o [48]
uart_receiver_init      0x1008'8cf7   0x2e  Code  Gb  zf_device_uart_receiver.o [48]
uart_receiver_interval_time
                        0x1008'8bcd   0x14  Code  Lc  zf_device_uart_receiver.o [48]
uart_rx_interrupt       0x1008'341d  0x1a8  Code  Gb  zf_driver_uart.o [49]
uart_rx_trigger_interrupt
                        0x1008'35c5   0x34  Code  Gb  zf_driver_uart.o [49]
uart_sbus_init          0x1008'35f9  0x1ce  Code  Gb  zf_driver_uart.o [49]
uart_tx_interrupt       0x1008'3301  0x11c  Code  Gb  zf_driver_uart.o [49]
uart_write_buffer       0x1008'31fd   0x1e  Code  Gb  zf_driver_uart.o [49]
uart_write_byte         0x1008'31d5   0x28  Code  Gb  zf_driver_uart.o [49]
uart_write_string       0x1008'321b   0x1c  Code  Gb  zf_driver_uart.o [49]
wireless_module_uart_handler
                        0x2802'074c    0x4  Data  Gb  zf_device_type.o [48]
wireless_type           0x2802'11d7    0x1  Data  Gb  zf_device_type.o [48]
zf_debug_assert_enable  0x2802'07e6    0x1  Data  Lc  zf_common_debug.o [46]
zf_debug_init_flag      0x2802'11cd    0x1  Data  Lc  zf_common_debug.o [46]


[1] = E:\SmartCar\ZhuFei\Seekfree_CYT4BB_Opensource_Library\project\iar\Debug_m7_0\Obj\adc_11722776235721520015.dir
[2] = E:\SmartCar\ZhuFei\Seekfree_CYT4BB_Opensource_Library\project\iar\Debug_m7_0\Obj\audioss_1346650047966882938.dir
[3] = E:\SmartCar\ZhuFei\Seekfree_CYT4BB_Opensource_Library\project\iar\Debug_m7_0\Obj\button_4990804375159372270.dir
[4] = E:\SmartCar\ZhuFei\Seekfree_CYT4BB_Opensource_Library\project\iar\Debug_m7_0\Obj\canfd_1800690984773873875.dir
[5] = E:\SmartCar\ZhuFei\Seekfree_CYT4BB_Opensource_Library\project\iar\Debug_m7_0\Obj\code_17896468042025673432.dir
[6] = E:\SmartCar\ZhuFei\Seekfree_CYT4BB_Opensource_Library\project\iar\Debug_m7_0\Obj\cpu_15938736945165268644.dir
[7] = E:\SmartCar\ZhuFei\Seekfree_CYT4BB_Opensource_Library\project\iar\Debug_m7_0\Obj\crypto_1190170608956581615.dir
[8] = E:\SmartCar\ZhuFei\Seekfree_CYT4BB_Opensource_Library\project\iar\Debug_m7_0\Obj\dma_12106025507578611576.dir
[9] = E:\SmartCar\ZhuFei\Seekfree_CYT4BB_Opensource_Library\project\iar\Debug_m7_0\Obj\eth_phy_18133017486186456677.dir
[10] = E:\SmartCar\ZhuFei\Seekfree_CYT4BB_Opensource_Library\project\iar\Debug_m7_0\Obj\ethernet_6029839089178797009.dir
[11] = E:\SmartCar\ZhuFei\Seekfree_CYT4BB_Opensource_Library\project\iar\Debug_m7_0\Obj\evtgen_3404189088603873129.dir
[12] = E:\SmartCar\ZhuFei\Seekfree_CYT4BB_Opensource_Library\project\iar\Debug_m7_0\Obj\flash_8529866181315662935.dir
[13] = E:\SmartCar\ZhuFei\Seekfree_CYT4BB_Opensource_Library\project\iar\Debug_m7_0\Obj\flash_864493325053435817.dir
[14] = E:\SmartCar\ZhuFei\Seekfree_CYT4BB_Opensource_Library\project\iar\Debug_m7_0\Obj\gpio_3999404635324069351.dir
[15] = E:\SmartCar\ZhuFei\Seekfree_CYT4BB_Opensource_Library\project\iar\Debug_m7_0\Obj\ipc_10145506163450686023.dir
[16] = E:\SmartCar\ZhuFei\Seekfree_CYT4BB_Opensource_Library\project\iar\Debug_m7_0\Obj\lin_18429031207028094880.dir
[17] = E:\SmartCar\ZhuFei\Seekfree_CYT4BB_Opensource_Library\project\iar\Debug_m7_0\Obj\lvd_6353935867039560245.dir
[18] = E:\SmartCar\ZhuFei\Seekfree_CYT4BB_Opensource_Library\project\iar\Debug_m7_0\Obj\mcwdt_4052485907822033969.dir
[19] = E:\SmartCar\ZhuFei\Seekfree_CYT4BB_Opensource_Library\project\iar\Debug_m7_0\Obj\mpu_5663187252346826382.dir
[20] = E:\SmartCar\ZhuFei\Seekfree_CYT4BB_Opensource_Library\project\iar\Debug_m7_0\Obj\power_14453085144426420577.dir
[21] = E:\SmartCar\ZhuFei\Seekfree_CYT4BB_Opensource_Library\project\iar\Debug_m7_0\Obj\prot_10722960861768657883.dir
[22] = E:\SmartCar\ZhuFei\Seekfree_CYT4BB_Opensource_Library\project\iar\Debug_m7_0\Obj\rev_b_4986922561640112550.dir
[23] = E:\SmartCar\ZhuFei\Seekfree_CYT4BB_Opensource_Library\project\iar\Debug_m7_0\Obj\rev_b_6162237342861132223.dir
[24] = E:\SmartCar\ZhuFei\Seekfree_CYT4BB_Opensource_Library\project\iar\Debug_m7_0\Obj\scb_15490842639181808494.dir
[25] = E:\SmartCar\ZhuFei\Seekfree_CYT4BB_Opensource_Library\project\iar\Debug_m7_0\Obj\sd_host_2982766354293506895.dir
[26] = E:\SmartCar\ZhuFei\Seekfree_CYT4BB_Opensource_Library\project\iar\Debug_m7_0\Obj\semihosting_143864889731838620.dir
[27] = E:\SmartCar\ZhuFei\Seekfree_CYT4BB_Opensource_Library\project\iar\Debug_m7_0\Obj\smartio_5451710003740070188.dir
[28] = E:\SmartCar\ZhuFei\Seekfree_CYT4BB_Opensource_Library\project\iar\Debug_m7_0\Obj\smif_427648126384146252.dir
[29] = E:\SmartCar\ZhuFei\Seekfree_CYT4BB_Opensource_Library\project\iar\Debug_m7_0\Obj\smif_mem_6470536964353725183.dir
[30] = E:\SmartCar\ZhuFei\Seekfree_CYT4BB_Opensource_Library\project\iar\Debug_m7_0\Obj\srom_13018798572330080582.dir
[31] = E:\SmartCar\ZhuFei\Seekfree_CYT4BB_Opensource_Library\project\iar\Debug_m7_0\Obj\startup_479057977785470282.dir
[32] = E:\SmartCar\ZhuFei\Seekfree_CYT4BB_Opensource_Library\project\iar\Debug_m7_0\Obj\sw_timer_4215635015939382130.dir
[33] = E:\SmartCar\ZhuFei\Seekfree_CYT4BB_Opensource_Library\project\iar\Debug_m7_0\Obj\sysclk_16149231235676103872.dir
[34] = E:\SmartCar\ZhuFei\Seekfree_CYT4BB_Opensource_Library\project\iar\Debug_m7_0\Obj\sysflt_12293435975120599261.dir
[35] = E:\SmartCar\ZhuFei\Seekfree_CYT4BB_Opensource_Library\project\iar\Debug_m7_0\Obj\sysint_7435970359207984181.dir
[36] = E:\SmartCar\ZhuFei\Seekfree_CYT4BB_Opensource_Library\project\iar\Debug_m7_0\Obj\syslib_16330585751512546975.dir
[37] = E:\SmartCar\ZhuFei\Seekfree_CYT4BB_Opensource_Library\project\iar\Debug_m7_0\Obj\syspm_10887939769544754770.dir
[38] = E:\SmartCar\ZhuFei\Seekfree_CYT4BB_Opensource_Library\project\iar\Debug_m7_0\Obj\sysreghc_17676636058511625587.dir
[39] = E:\SmartCar\ZhuFei\Seekfree_CYT4BB_Opensource_Library\project\iar\Debug_m7_0\Obj\sysreset_14586141425677365288.dir
[40] = E:\SmartCar\ZhuFei\Seekfree_CYT4BB_Opensource_Library\project\iar\Debug_m7_0\Obj\sysrtc_10747768817563771611.dir
[41] = E:\SmartCar\ZhuFei\Seekfree_CYT4BB_Opensource_Library\project\iar\Debug_m7_0\Obj\systick_16016591671695740695.dir
[42] = E:\SmartCar\ZhuFei\Seekfree_CYT4BB_Opensource_Library\project\iar\Debug_m7_0\Obj\syswdt_9118657615806274156.dir
[43] = E:\SmartCar\ZhuFei\Seekfree_CYT4BB_Opensource_Library\project\iar\Debug_m7_0\Obj\tcpwm_422923530147891246.dir
[44] = E:\SmartCar\ZhuFei\Seekfree_CYT4BB_Opensource_Library\project\iar\Debug_m7_0\Obj\trigmux_9729677290734583340.dir
[45] = E:\SmartCar\ZhuFei\Seekfree_CYT4BB_Opensource_Library\project\iar\Debug_m7_0\Obj\user_8514941877209965082.dir
[46] = E:\SmartCar\ZhuFei\Seekfree_CYT4BB_Opensource_Library\project\iar\Debug_m7_0\Obj\zf_common_1201165462030747823.dir
[47] = E:\SmartCar\ZhuFei\Seekfree_CYT4BB_Opensource_Library\project\iar\Debug_m7_0\Obj\zf_components_14936052685886095442.dir
[48] = E:\SmartCar\ZhuFei\Seekfree_CYT4BB_Opensource_Library\project\iar\Debug_m7_0\Obj\zf_device_6570275422786408770.dir
[49] = E:\SmartCar\ZhuFei\Seekfree_CYT4BB_Opensource_Library\project\iar\Debug_m7_0\Obj\zf_driver_11922370083829174090.dir
[50] = dl7M_tln.a
[51] = m7M_tlv.a
[52] = rt7M_tl.a
[53] = shb_l.a
[54] = zf_device_config.a

  37'914 bytes of readonly  code memory
   1'640 bytes of readonly  data memory
  12'889 bytes of readwrite data memory

Errors: none
Warnings: none
